Archive member included to satisfy reference by file (symbol)

c:/direct/st/stm32cubeide_1.7.0/stm32cubeide/plugins/com.st.stm32cube.ide.mcu.externaltools.gnu-tools-for-stm32.10.3-2021.10.win32_1.0.0.202111181127/tools/bin/../lib/gcc/arm-none-eabi/10.3.1/../../../../arm-none-eabi/lib/thumb/v7e-m+fp/hard\libc_nano.a(lib_a-errno.o)
                              ./Core/Src/syscalls.o (__errno)
c:/direct/st/stm32cubeide_1.7.0/stm32cubeide/plugins/com.st.stm32cube.ide.mcu.externaltools.gnu-tools-for-stm32.10.3-2021.10.win32_1.0.0.202111181127/tools/bin/../lib/gcc/arm-none-eabi/10.3.1/../../../../arm-none-eabi/lib/thumb/v7e-m+fp/hard\libc_nano.a(lib_a-exit.o)
                              c:/direct/st/stm32cubeide_1.7.0/stm32cubeide/plugins/com.st.stm32cube.ide.mcu.externaltools.gnu-tools-for-stm32.10.3-2021.10.win32_1.0.0.202111181127/tools/bin/../lib/gcc/arm-none-eabi/10.3.1/../../../../arm-none-eabi/lib/thumb/v7e-m+fp/hard/crt0.o (exit)
c:/direct/st/stm32cubeide_1.7.0/stm32cubeide/plugins/com.st.stm32cube.ide.mcu.externaltools.gnu-tools-for-stm32.10.3-2021.10.win32_1.0.0.202111181127/tools/bin/../lib/gcc/arm-none-eabi/10.3.1/../../../../arm-none-eabi/lib/thumb/v7e-m+fp/hard\libc_nano.a(lib_a-impure.o)
                              c:/direct/st/stm32cubeide_1.7.0/stm32cubeide/plugins/com.st.stm32cube.ide.mcu.externaltools.gnu-tools-for-stm32.10.3-2021.10.win32_1.0.0.202111181127/tools/bin/../lib/gcc/arm-none-eabi/10.3.1/../../../../arm-none-eabi/lib/thumb/v7e-m+fp/hard\libc_nano.a(lib_a-exit.o) (_global_impure_ptr)
c:/direct/st/stm32cubeide_1.7.0/stm32cubeide/plugins/com.st.stm32cube.ide.mcu.externaltools.gnu-tools-for-stm32.10.3-2021.10.win32_1.0.0.202111181127/tools/bin/../lib/gcc/arm-none-eabi/10.3.1/../../../../arm-none-eabi/lib/thumb/v7e-m+fp/hard\libc_nano.a(lib_a-init.o)
                              c:/direct/st/stm32cubeide_1.7.0/stm32cubeide/plugins/com.st.stm32cube.ide.mcu.externaltools.gnu-tools-for-stm32.10.3-2021.10.win32_1.0.0.202111181127/tools/bin/../lib/gcc/arm-none-eabi/10.3.1/../../../../arm-none-eabi/lib/thumb/v7e-m+fp/hard/crt0.o (__libc_init_array)
c:/direct/st/stm32cubeide_1.7.0/stm32cubeide/plugins/com.st.stm32cube.ide.mcu.externaltools.gnu-tools-for-stm32.10.3-2021.10.win32_1.0.0.202111181127/tools/bin/../lib/gcc/arm-none-eabi/10.3.1/../../../../arm-none-eabi/lib/thumb/v7e-m+fp/hard\libc_nano.a(lib_a-memset.o)
                              c:/direct/st/stm32cubeide_1.7.0/stm32cubeide/plugins/com.st.stm32cube.ide.mcu.externaltools.gnu-tools-for-stm32.10.3-2021.10.win32_1.0.0.202111181127/tools/bin/../lib/gcc/arm-none-eabi/10.3.1/../../../../arm-none-eabi/lib/thumb/v7e-m+fp/hard/crt0.o (memset)
c:/direct/st/stm32cubeide_1.7.0/stm32cubeide/plugins/com.st.stm32cube.ide.mcu.externaltools.gnu-tools-for-stm32.10.3-2021.10.win32_1.0.0.202111181127/tools/bin/../lib/gcc/arm-none-eabi/10.3.1/thumb/v7e-m+fp/hard\libgcc.a(_aeabi_uldivmod.o)
                              ./Drivers/STM32F4xx_HAL_Driver/Src/stm32f4xx_hal_rcc.o (__aeabi_uldivmod)
c:/direct/st/stm32cubeide_1.7.0/stm32cubeide/plugins/com.st.stm32cube.ide.mcu.externaltools.gnu-tools-for-stm32.10.3-2021.10.win32_1.0.0.202111181127/tools/bin/../lib/gcc/arm-none-eabi/10.3.1/thumb/v7e-m+fp/hard\libgcc.a(_udivmoddi4.o)
                              c:/direct/st/stm32cubeide_1.7.0/stm32cubeide/plugins/com.st.stm32cube.ide.mcu.externaltools.gnu-tools-for-stm32.10.3-2021.10.win32_1.0.0.202111181127/tools/bin/../lib/gcc/arm-none-eabi/10.3.1/thumb/v7e-m+fp/hard\libgcc.a(_aeabi_uldivmod.o) (__udivmoddi4)
c:/direct/st/stm32cubeide_1.7.0/stm32cubeide/plugins/com.st.stm32cube.ide.mcu.externaltools.gnu-tools-for-stm32.10.3-2021.10.win32_1.0.0.202111181127/tools/bin/../lib/gcc/arm-none-eabi/10.3.1/thumb/v7e-m+fp/hard\libgcc.a(_dvmd_tls.o)
                              c:/direct/st/stm32cubeide_1.7.0/stm32cubeide/plugins/com.st.stm32cube.ide.mcu.externaltools.gnu-tools-for-stm32.10.3-2021.10.win32_1.0.0.202111181127/tools/bin/../lib/gcc/arm-none-eabi/10.3.1/thumb/v7e-m+fp/hard\libgcc.a(_aeabi_uldivmod.o) (__aeabi_ldiv0)

Discarded input sections

 .text          0x0000000000000000        0x0 c:/direct/st/stm32cubeide_1.7.0/stm32cubeide/plugins/com.st.stm32cube.ide.mcu.externaltools.gnu-tools-for-stm32.10.3-2021.10.win32_1.0.0.202111181127/tools/bin/../lib/gcc/arm-none-eabi/10.3.1/thumb/v7e-m+fp/hard/crti.o
 .data          0x0000000000000000        0x0 c:/direct/st/stm32cubeide_1.7.0/stm32cubeide/plugins/com.st.stm32cube.ide.mcu.externaltools.gnu-tools-for-stm32.10.3-2021.10.win32_1.0.0.202111181127/tools/bin/../lib/gcc/arm-none-eabi/10.3.1/thumb/v7e-m+fp/hard/crti.o
 .bss           0x0000000000000000        0x0 c:/direct/st/stm32cubeide_1.7.0/stm32cubeide/plugins/com.st.stm32cube.ide.mcu.externaltools.gnu-tools-for-stm32.10.3-2021.10.win32_1.0.0.202111181127/tools/bin/../lib/gcc/arm-none-eabi/10.3.1/thumb/v7e-m+fp/hard/crti.o
[...]
Memory Configuration

Name             Origin             Length             Attributes
RAM              0x0000000020000000 0x0000000000010000 xrw
FLASH            0x0000000008000000 0x0000000000040000 xr
*default*        0x0000000000000000 0xffffffffffffffff

Linker script and memory map

LOAD c:/direct/st/stm32cubeide_1.7.0/stm32cubeide/plugins/com.st.stm32cube.ide.mcu.externaltools.gnu-tools-for-stm32.10.3-2021.10.win32_1.0.0.202111181127/tools/bin/../lib/gcc/arm-none-eabi/10.3.1/thumb/v7e-m+fp/hard/crti.o
LOAD c:/direct/st/stm32cubeide_1.7.0/stm32cubeide/plugins/com.st.stm32cube.ide.mcu.externaltools.gnu-tools-for-stm32.10.3-2021.10.win32_1.0.0.202111181127/tools/bin/../lib/gcc/arm-none-eabi/10.3.1/thumb/v7e-m+fp/hard/crtbegin.o
LOAD c:/direct/st/stm32cubeide_1.7.0/stm32cubeide/plugins/com.st.stm32cube.ide.mcu.externaltools.gnu-tools-for-stm32.10.3-2021.10.win32_1.0.0.202111181127/tools/bin/../lib/gcc/arm-none-eabi/10.3.1/../../../../arm-none-eabi/lib/thumb/v7e-m+fp/hard/crt0.o
LOAD ./Core/Src/App/animation.o
LOAD ./Core/Src/App/animation_data.o
LOAD ./Core/Src/App/app.o
LOAD ./Core/Src/App/button.o
LOAD ./Core/Src/App/interrupts.o
LOAD ./Core/Src/App/led.o
LOAD ./Core/Src/App/usb.o
LOAD ./Core/Src/App/w25q.o
LOAD ./Core/Src/main.o
LOAD ./Core/Src/stm32f4xx_hal_msp.o
LOAD ./Core/Src/stm32f4xx_it.o
LOAD ./Core/Src/syscalls.o
LOAD ./Core/Src/sysmem.o
LOAD ./Core/Src/system_stm32f4xx.o
LOAD ./Core/Startup/startup_stm32f401ccux.o
LOAD ./Drivers/STM32F4xx_HAL_Driver/Src/stm32f4xx_hal.o
LOAD ./Drivers/STM32F4xx_HAL_Driver/Src/stm32f4xx_hal_cortex.o
LOAD ./Drivers/STM32F4xx_HAL_Driver/Src/stm32f4xx_hal_crc.o
LOAD ./Drivers/STM32F4xx_HAL_Driver/Src/stm32f4xx_hal_dma.o
LOAD ./Drivers/STM32F4xx_HAL_Driver/Src/stm32f4xx_hal_dma_ex.o
LOAD ./Drivers/STM32F4xx_HAL_Driver/Src/stm32f4xx_hal_exti.o
LOAD ./Drivers/STM32F4xx_HAL_Driver/Src/stm32f4xx_hal_flash.o
LOAD ./Drivers/STM32F4xx_HAL_Driver/Src/stm32f4xx_hal_flash_ex.o
LOAD ./Drivers/STM32F4xx_HAL_Driver/Src/stm32f4xx_hal_flash_ramfunc.o
LOAD ./Drivers/STM32F4xx_HAL_Driver/Src/stm32f4xx_hal_gpio.o
LOAD ./Drivers/STM32F4xx_HAL_Driver/Src/stm32f4xx_hal_pcd.o
LOAD ./Drivers/STM32F4xx_HAL_Driver/Src/stm32f4xx_hal_pcd_ex.o
LOAD ./Drivers/STM32F4xx_HAL_Driver/Src/stm32f4xx_hal_pwr.o
LOAD ./Drivers/STM32F4xx_HAL_Driver/Src/stm32f4xx_hal_pwr_ex.o
LOAD ./Drivers/STM32F4xx_HAL_Driver/Src/stm32f4xx_hal_rcc.o
LOAD ./Drivers/STM32F4xx_HAL_Driver/Src/stm32f4xx_hal_rcc_ex.o
LOAD ./Drivers/STM32F4xx_HAL_Driver/Src/stm32f4xx_hal_spi.o
LOAD ./Drivers/STM32F4xx_HAL_Driver/Src/stm32f4xx_hal_tim.o
LOAD ./Drivers/STM32F4xx_HAL_Driver/Src/stm32f4xx_hal_tim_ex.o
LOAD ./Drivers/STM32F4xx_HAL_Driver/Src/stm32f4xx_ll_usb.o
LOAD ./Middlewares/ST/STM32_USB_Device_Library/Class/MSC/Src/usbd_msc.o
LOAD ./Middlewares/ST/STM32_USB_Device_Library/Class/MSC/Src/usbd_msc_bot.o
LOAD ./Middlewares/ST/STM32_USB_Device_Library/Class/MSC/Src/usbd_msc_data.o
LOAD ./Middlewares/ST/STM32_USB_Device_Library/Class/MSC/Src/usbd_msc_scsi.o
LOAD ./Middlewares/ST/STM32_USB_Device_Library/Core/Src/usbd_core.o
LOAD ./Middlewares/ST/STM32_USB_Device_Library/Core/Src/usbd_ctlreq.o
LOAD ./Middlewares/ST/STM32_USB_Device_Library/Core/Src/usbd_ioreq.o
LOAD ./USB_DEVICE/App/usb_device.o
LOAD ./USB_DEVICE/App/usbd_desc.o
LOAD ./USB_DEVICE/App/usbd_storage_if.o
LOAD ./USB_DEVICE/Target/usbd_conf.o
START GROUP
LOAD c:/direct/st/stm32cubeide_1.7.0/stm32cubeide/plugins/com.st.stm32cube.ide.mcu.externaltools.gnu-tools-for-stm32.10.3-2021.10.win32_1.0.0.202111181127/tools/bin/../lib/gcc/arm-none-eabi/10.3.1/../../../../arm-none-eabi/lib/thumb/v7e-m+fp/hard\libc_nano.a
LOAD c:/direct/st/stm32cubeide_1.7.0/stm32cubeide/plugins/com.st.stm32cube.ide.mcu.externaltools.gnu-tools-for-stm32.10.3-2021.10.win32_1.0.0.202111181127/tools/bin/../lib/gcc/arm-none-eabi/10.3.1/../../../../arm-none-eabi/lib/thumb/v7e-m+fp/hard\libm.a
END GROUP
START GROUP
LOAD c:/direct/st/stm32cubeide_1.7.0/stm32cubeide/plugins/com.st.stm32cube.ide.mcu.externaltools.gnu-tools-for-stm32.10.3-2021.10.win32_1.0.0.202111181127/tools/bin/../lib/gcc/arm-none-eabi/10.3.1/thumb/v7e-m+fp/hard\libgcc.a
LOAD c:/direct/st/stm32cubeide_1.7.0/stm32cubeide/plugins/com.st.stm32cube.ide.mcu.externaltools.gnu-tools-for-stm32.10.3-2021.10.win32_1.0.0.202111181127/tools/bin/../lib/gcc/arm-none-eabi/10.3.1/../../../../arm-none-eabi/lib/thumb/v7e-m+fp/hard\libc_nano.a
END GROUP
START GROUP
LOAD c:/direct/st/stm32cubeide_1.7.0/stm32cubeide/plugins/com.st.stm32cube.ide.mcu.externaltools.gnu-tools-for-stm32.10.3-2021.10.win32_1.0.0.202111181127/tools/bin/../lib/gcc/arm-none-eabi/10.3.1/thumb/v7e-m+fp/hard\libgcc.a
LOAD c:/direct/st/stm32cubeide_1.7.0/stm32cubeide/plugins/com.st.stm32cube.ide.mcu.externaltools.gnu-tools-for-stm32.10.3-2021.10.win32_1.0.0.202111181127/tools/bin/../lib/gcc/arm-none-eabi/10.3.1/../../../../arm-none-eabi/lib/thumb/v7e-m+fp/hard\libc_nano.a
LOAD c:/direct/st/stm32cubeide_1.7.0/stm32cubeide/plugins/com.st.stm32cube.ide.mcu.externaltools.gnu-tools-for-stm32.10.3-2021.10.win32_1.0.0.202111181127/tools/bin/../lib/gcc/arm-none-eabi/10.3.1/../../../../arm-none-eabi/lib/thumb/v7e-m+fp/hard\libnosys.a
END GROUP
START GROUP
LOAD c:/direct/st/stm32cubeide_1.7.0/stm32cubeide/plugins/com.st.stm32cube.ide.mcu.externaltools.gnu-tools-for-stm32.10.3-2021.10.win32_1.0.0.202111181127/tools/bin/../lib/gcc/arm-none-eabi/10.3.1/thumb/v7e-m+fp/hard\libgcc.a
LOAD c:/direct/st/stm32cubeide_1.7.0/stm32cubeide/plugins/com.st.stm32cube.ide.mcu.externaltools.gnu-tools-for-stm32.10.3-2021.10.win32_1.0.0.202111181127/tools/bin/../lib/gcc/arm-none-eabi/10.3.1/../../../../arm-none-eabi/lib/thumb/v7e-m+fp/hard\libc_nano.a
LOAD c:/direct/st/stm32cubeide_1.7.0/stm32cubeide/plugins/com.st.stm32cube.ide.mcu.externaltools.gnu-tools-for-stm32.10.3-2021.10.win32_1.0.0.202111181127/tools/bin/../lib/gcc/arm-none-eabi/10.3.1/../../../../arm-none-eabi/lib/thumb/v7e-m+fp/hard\libnosys.a
END GROUP
LOAD c:/direct/st/stm32cubeide_1.7.0/stm32cubeide/plugins/com.st.stm32cube.ide.mcu.externaltools.gnu-tools-for-stm32.10.3-2021.10.win32_1.0.0.202111181127/tools/bin/../lib/gcc/arm-none-eabi/10.3.1/thumb/v7e-m+fp/hard/crtend.o
LOAD c:/direct/st/stm32cubeide_1.7.0/stm32cubeide/plugins/com.st.stm32cube.ide.mcu.externaltools.gnu-tools-for-stm32.10.3-2021.10.win32_1.0.0.202111181127/tools/bin/../lib/gcc/arm-none-eabi/10.3.1/thumb/v7e-m+fp/hard/crtn.o
                0x0000000020010000                _estack = (ORIGIN (RAM) + LENGTH (RAM))
                0x0000000000000200                _Min_Heap_Size = 0x200
                0x0000000000000400                _Min_Stack_Size = 0x400

.isr_vector     0x0000000008000000      0x194
                0x0000000008000000                . = ALIGN (0x4)
 *(.isr_vector)
 .isr_vector    0x0000000008000000      0x194 ./Core/Startup/startup_stm32f401ccux.o
                0x0000000008000000                g_pfnVectors
                0x0000000008000194                . = ALIGN (0x4)

.text           0x0000000008000194     0xc728
                0x0000000008000194                . = ALIGN (0x4)
 *(.text)
 .text          0x0000000008000194       0x40 c:/direct/st/stm32cubeide_1.7.0/stm32cubeide/plugins/com.st.stm32cube.ide.mcu.externaltools.gnu-tools-for-stm32.10.3-2021.10.win32_1.0.0.202111181127/tools/bin/../lib/gcc/arm-none-eabi/10.3.1/thumb/v7e-m+fp/hard/crtbegin.o
 .text          0x00000000080001d4       0x30 c:/direct/st/stm32cubeide_1.7.0/stm32cubeide/plugins/com.st.stm32cube.ide.mcu.externaltools.gnu-tools-for-stm32.10.3-2021.10.win32_1.0.0.202111181127/tools/bin/../lib/gcc/arm-none-eabi/10.3.1/thumb/v7e-m+fp/hard\libgcc.a(_aeabi_uldivmod.o)
                0x00000000080001d4                __aeabi_uldivmod
 .text          0x0000000008000204      0x2d0 c:/direct/st/stm32cubeide_1.7.0/stm32cubeide/plugins/com.st.stm32cube.ide.mcu.externaltools.gnu-tools-for-stm32.10.3-2021.10.win32_1.0.0.202111181127/tools/bin/../lib/gcc/arm-none-eabi/10.3.1/thumb/v7e-m+fp/hard\libgcc.a(_udivmoddi4.o)
                0x0000000008000204                __udivmoddi4
 .text          0x00000000080004d4        0x4 c:/direct/st/stm32cubeide_1.7.0/stm32cubeide/plugins/com.st.stm32cube.ide.mcu.externaltools.gnu-tools-for-stm32.10.3-2021.10.win32_1.0.0.202111181127/tools/bin/../lib/gcc/arm-none-eabi/10.3.1/thumb/v7e-m+fp/hard\libgcc.a(_dvmd_tls.o)
                0x00000000080004d4                __aeabi_idiv0
                0x00000000080004d4                __aeabi_ldiv0
 *(.text*)
 .text.Animation_PWM_Pulse_Interrupt
                0x00000000080004d8       0xd4 ./Core/Src/App/animation.o
                0x00000000080004d8                Animation_PWM_Pulse_Interrupt
 .text.Animation_Busy
                0x00000000080005ac       0x14 ./Core/Src/App/animation.o
                0x00000000080005ac                Animation_Busy
 .text.Animation_Set_Bit
                0x00000000080005c0       0x3c ./Core/Src/App/animation.o
                0x00000000080005c0                Animation_Set_Bit
 .text.Animation_Display_Color
                0x00000000080005fc      0x170 ./Core/Src/App/animation.o
                0x00000000080005fc                Animation_Display_Color
 .text.Animation_Display_Image
                0x000000000800076c       0x78 ./Core/Src/App/animation.o
                0x000000000800076c                Animation_Display_Image
 .text.Animation_Init
                0x00000000080007e4       0x50 ./Core/Src/App/animation.o
                0x00000000080007e4                Animation_Init
 .text.Animation_Data_Prefetch
                0x0000000008000834       0x64 ./Core/Src/App/animation_data.o
                0x0000000008000834                Animation_Data_Prefetch
 .text.Animation_Data_Read
                0x0000000008000898       0xa0 ./Core/Src/App/animation_data.o
                0x0000000008000898                Animation_Data_Read
 .text.Animation_Data_Get_Bit
                0x0000000008000938       0x78 ./Core/Src/App/animation_data.o
                0x0000000008000938                Animation_Data_Get_Bit
 .text.Animation_Data_Init
                0x00000000080009b0      0x1ec ./Core/Src/App/animation_data.o
                0x00000000080009b0                Animation_Data_Init
 .text.Animation_Data_Buffer
                0x0000000008000b9c       0x28 ./Core/Src/App/animation_data.o
                0x0000000008000b9c                Animation_Data_Buffer
 .text.Example_Animation_Play
                0x0000000008000bc4       0x80 ./Core/Src/App/app.o
                0x0000000008000bc4                Example_Animation_Play
 .text.App_Loop
                0x0000000008000c44      0x1e4 ./Core/Src/App/app.o
                0x0000000008000c44                App_Loop
 .text.App_Init
                0x0000000008000e28       0x20 ./Core/Src/App/app.o
                0x0000000008000e28                App_Init
 .text.Button_Interrupt
                0x0000000008000e48       0x18 ./Core/Src/App/button.o
                0x0000000008000e48                Button_Interrupt
 .text.Button_Debounce_Read
                0x0000000008000e60       0x60 ./Core/Src/App/button.o
                0x0000000008000e60                Button_Debounce_Read
 .text.Button_State
                0x0000000008000ec0       0x18 ./Core/Src/App/button.o
                0x0000000008000ec0                Button_State
 .text.Button_Init
                0x0000000008000ed8        0xc ./Core/Src/App/button.o
                0x0000000008000ed8                Button_Init
 .text.HAL_SPI_ErrorCallback
                0x0000000008000ee4       0x24 ./Core/Src/App/interrupts.o
                0x0000000008000ee4                HAL_SPI_ErrorCallback
 .text.HAL_SPI_RxCpltCallback
                0x0000000008000f08       0x24 ./Core/Src/App/interrupts.o
                0x0000000008000f08                HAL_SPI_RxCpltCallback
 .text.HAL_GPIO_EXTI_Callback
                0x0000000008000f2c       0x28 ./Core/Src/App/interrupts.o
                0x0000000008000f2c                HAL_GPIO_EXTI_Callback
 .text.HAL_TIM_PWM_PulseFinishedCallback
                0x0000000008000f54       0x24 ./Core/Src/App/interrupts.o
                0x0000000008000f54                HAL_TIM_PWM_PulseFinishedCallback
 .text.LED_Set  0x0000000008000f78       0x40 ./Core/Src/App/led.o
                0x0000000008000f78                LED_Set
 .text.LED_State
                0x0000000008000fb8       0x18 ./Core/Src/App/led.o
                0x0000000008000fb8                LED_State
 .text.USB_Det_Interrupt
                0x0000000008000fd0       0x18 ./Core/Src/App/usb.o
                0x0000000008000fd0                USB_Det_Interrupt
 .text.USB_Det_Debounce_Read
                0x0000000008000fe8       0x60 ./Core/Src/App/usb.o
                0x0000000008000fe8                USB_Det_Debounce_Read
 .text.USB_Det_State
                0x0000000008001048       0x18 ./Core/Src/App/usb.o
                0x0000000008001048                USB_Det_State
 .text.USB_Enabled
                0x0000000008001060       0x18 ./Core/Src/App/usb.o
                0x0000000008001060                USB_Enabled
 .text.USB_Enable
                0x0000000008001078       0x48 ./Core/Src/App/usb.o
                0x0000000008001078                USB_Enable
 .text.USB_Init
                0x00000000080010c0       0x12 ./Core/Src/App/usb.o
                0x00000000080010c0                USB_Init
 *fill*         0x00000000080010d2        0x2 
 .text.W25Q_SPI_Error_Interrupt
                0x00000000080010d4       0x18 ./Core/Src/App/w25q.o
                0x00000000080010d4                W25Q_SPI_Error_Interrupt
 .text.W25Q_SPI_Receive_DMA_Interrupt
                0x00000000080010ec       0x18 ./Core/Src/App/w25q.o
                0x00000000080010ec                W25Q_SPI_Receive_DMA_Interrupt
 .text.W25Q_SPI_Receive_DMA
                0x0000000008001104       0x24 ./Core/Src/App/w25q.o
                0x0000000008001104                W25Q_SPI_Receive_DMA
 .text.W25Q_SPI_Receive
                0x0000000008001128       0x28 ./Core/Src/App/w25q.o
                0x0000000008001128                W25Q_SPI_Receive
 .text.W25Q_SPI_Transmit
                0x0000000008001150       0x28 ./Core/Src/App/w25q.o
                0x0000000008001150                W25Q_SPI_Transmit
 .text.W25Q_Set_CS
                0x0000000008001178       0x34 ./Core/Src/App/w25q.o
                0x0000000008001178                W25Q_Set_CS
 .text.W25Q_Write_Enable
                0x00000000080011ac       0x38 ./Core/Src/App/w25q.o
                0x00000000080011ac                W25Q_Write_Enable
 .text.W25Q_Busy
                0x00000000080011e4       0x3a ./Core/Src/App/w25q.o
                0x00000000080011e4                W25Q_Busy
 .text.W25Q_Erase_Sector
                0x000000000800121e       0x86 ./Core/Src/App/w25q.o
                0x000000000800121e                W25Q_Erase_Sector
 .text.W25Q_Write_Sector
                0x00000000080012a4       0xb4 ./Core/Src/App/w25q.o
                0x00000000080012a4                W25Q_Write_Sector
 .text.W25Q_Read_Sector
                0x0000000008001358       0x72 ./Core/Src/App/w25q.o
                0x0000000008001358                W25Q_Read_Sector
 *fill*         0x00000000080013ca        0x2 
 .text.W25Q_Read_DMA
                0x00000000080013cc       0x70 ./Core/Src/App/w25q.o
                0x00000000080013cc                W25Q_Read_DMA
 .text.W25Q_Read
                0x000000000800143c       0x6e ./Core/Src/App/w25q.o
                0x000000000800143c                W25Q_Read
 .text.main     0x00000000080014aa       0x2e ./Core/Src/main.o
                0x00000000080014aa                main
 .text.SystemClock_Config
                0x00000000080014d8       0xd8 ./Core/Src/main.o
                0x00000000080014d8                SystemClock_Config
 .text.MX_CRC_Init
                0x00000000080015b0       0x28 ./Core/Src/main.o
 .text.MX_SPI1_Init
                0x00000000080015d8       0x6c ./Core/Src/main.o
 .text.MX_TIM1_Init
                0x0000000008001644      0x140 ./Core/Src/main.o
 .text.MX_DMA_Init
                0x0000000008001784       0x40 ./Core/Src/main.o
 .text.MX_GPIO_Init
                0x00000000080017c4      0x144 ./Core/Src/main.o
 .text.Error_Handler
                0x0000000008001908        0xa ./Core/Src/main.o
                0x0000000008001908                Error_Handler
 *fill*         0x0000000008001912        0x2 
 .text.HAL_MspInit
                0x0000000008001914       0x50 ./Core/Src/stm32f4xx_hal_msp.o
                0x0000000008001914                HAL_MspInit
 .text.HAL_CRC_MspInit
                0x0000000008001964       0x44 ./Core/Src/stm32f4xx_hal_msp.o
                0x0000000008001964                HAL_CRC_MspInit
 .text.HAL_SPI_MspInit
                0x00000000080019a8      0x104 ./Core/Src/stm32f4xx_hal_msp.o
                0x00000000080019a8                HAL_SPI_MspInit
 .text.HAL_TIM_Base_MspInit
                0x0000000008001aac       0x80 ./Core/Src/stm32f4xx_hal_msp.o
                0x0000000008001aac                HAL_TIM_Base_MspInit
 .text.HAL_TIM_MspPostInit
                0x0000000008001b2c       0x74 ./Core/Src/stm32f4xx_hal_msp.o
                0x0000000008001b2c                HAL_TIM_MspPostInit
 .text.NMI_Handler
                0x0000000008001ba0        0x6 ./Core/Src/stm32f4xx_it.o
                0x0000000008001ba0                NMI_Handler
 .text.HardFault_Handler
                0x0000000008001ba6        0x6 ./Core/Src/stm32f4xx_it.o
                0x0000000008001ba6                HardFault_Handler
 .text.MemManage_Handler
                0x0000000008001bac        0x6 ./Core/Src/stm32f4xx_it.o
                0x0000000008001bac                MemManage_Handler
 .text.BusFault_Handler
                0x0000000008001bb2        0x6 ./Core/Src/stm32f4xx_it.o
                0x0000000008001bb2                BusFault_Handler
 .text.UsageFault_Handler
                0x0000000008001bb8        0x6 ./Core/Src/stm32f4xx_it.o
                0x0000000008001bb8                UsageFault_Handler
 .text.SVC_Handler
                0x0000000008001bbe        0xe ./Core/Src/stm32f4xx_it.o
                0x0000000008001bbe                SVC_Handler
 .text.DebugMon_Handler
                0x0000000008001bcc        0xe ./Core/Src/stm32f4xx_it.o
                0x0000000008001bcc                DebugMon_Handler
 .text.PendSV_Handler
                0x0000000008001bda        0xe ./Core/Src/stm32f4xx_it.o
                0x0000000008001bda                PendSV_Handler
 .text.SysTick_Handler
                0x0000000008001be8        0xc ./Core/Src/stm32f4xx_it.o
                0x0000000008001be8                SysTick_Handler
 .text.EXTI0_IRQHandler
                0x0000000008001bf4        0xe ./Core/Src/stm32f4xx_it.o
                0x0000000008001bf4                EXTI0_IRQHandler
 .text.EXTI9_5_IRQHandler
                0x0000000008001c02        0xe ./Core/Src/stm32f4xx_it.o
                0x0000000008001c02                EXTI9_5_IRQHandler
 .text.TIM1_BRK_TIM9_IRQHandler
                0x0000000008001c10       0x14 ./Core/Src/stm32f4xx_it.o
                0x0000000008001c10                TIM1_BRK_TIM9_IRQHandler
 .text.TIM1_UP_TIM10_IRQHandler
                0x0000000008001c24       0x14 ./Core/Src/stm32f4xx_it.o
                0x0000000008001c24                TIM1_UP_TIM10_IRQHandler
 .text.TIM1_TRG_COM_TIM11_IRQHandler
                0x0000000008001c38       0x14 ./Core/Src/stm32f4xx_it.o
                0x0000000008001c38                TIM1_TRG_COM_TIM11_IRQHandler
 .text.TIM1_CC_IRQHandler
                0x0000000008001c4c       0x14 ./Core/Src/stm32f4xx_it.o
                0x0000000008001c4c                TIM1_CC_IRQHandler
 .text.SPI1_IRQHandler
                0x0000000008001c60       0x14 ./Core/Src/stm32f4xx_it.o
                0x0000000008001c60                SPI1_IRQHandler
 .text.DMA2_Stream0_IRQHandler
                0x0000000008001c74       0x14 ./Core/Src/stm32f4xx_it.o
                0x0000000008001c74                DMA2_Stream0_IRQHandler
 .text.OTG_FS_IRQHandler
                0x0000000008001c88       0x14 ./Core/Src/stm32f4xx_it.o
                0x0000000008001c88                OTG_FS_IRQHandler
 .text.SystemInit
                0x0000000008001c9c       0x24 ./Core/Src/system_stm32f4xx.o
                0x0000000008001c9c                SystemInit
 .text.Reset_Handler
                0x0000000008001cc0       0x50 ./Core/Startup/startup_stm32f401ccux.o
                0x0000000008001cc0                Reset_Handler
 .text.Default_Handler
                0x0000000008001d10        0x2 ./Core/Startup/startup_stm32f401ccux.o
                0x0000000008001d10                RTC_Alarm_IRQHandler
                0x0000000008001d10                EXTI2_IRQHandler
                0x0000000008001d10                SPI4_IRQHandler
                0x0000000008001d10                DMA2_Stream5_IRQHandler
                0x0000000008001d10                DMA1_Stream5_IRQHandler
                0x0000000008001d10                PVD_IRQHandler
                0x0000000008001d10                SDIO_IRQHandler
                0x0000000008001d10                TAMP_STAMP_IRQHandler
                0x0000000008001d10                EXTI3_IRQHandler
                0x0000000008001d10                I2C3_ER_IRQHandler
                0x0000000008001d10                I2C2_EV_IRQHandler
                0x0000000008001d10                DMA1_Stream2_IRQHandler
                0x0000000008001d10                FPU_IRQHandler
                0x0000000008001d10                DMA2_Stream2_IRQHandler
                0x0000000008001d10                DMA2_Stream3_IRQHandler
                0x0000000008001d10                USART6_IRQHandler
                0x0000000008001d10                TIM4_IRQHandler
                0x0000000008001d10                I2C1_EV_IRQHandler
                0x0000000008001d10                DMA1_Stream6_IRQHandler
                0x0000000008001d10                DMA1_Stream1_IRQHandler
                0x0000000008001d10                TIM3_IRQHandler
                0x0000000008001d10                RCC_IRQHandler
                0x0000000008001d10                Default_Handler
                0x0000000008001d10                EXTI15_10_IRQHandler
                0x0000000008001d10                ADC_IRQHandler
                0x0000000008001d10                DMA1_Stream7_IRQHandler
                0x0000000008001d10                TIM5_IRQHandler
                0x0000000008001d10                DMA2_Stream7_IRQHandler
                0x0000000008001d10                I2C3_EV_IRQHandler
                0x0000000008001d10                RTC_WKUP_IRQHandler
                0x0000000008001d10                SPI2_IRQHandler
                0x0000000008001d10                DMA1_Stream0_IRQHandler
                0x0000000008001d10                EXTI4_IRQHandler
                0x0000000008001d10                WWDG_IRQHandler
                0x0000000008001d10                TIM2_IRQHandler
                0x0000000008001d10                OTG_FS_WKUP_IRQHandler
                0x0000000008001d10                EXTI1_IRQHandler
                0x0000000008001d10                USART2_IRQHandler
                0x0000000008001d10                I2C2_ER_IRQHandler
                0x0000000008001d10                DMA2_Stream1_IRQHandler
                0x0000000008001d10                FLASH_IRQHandler
                0x0000000008001d10                DMA2_Stream4_IRQHandler
                0x0000000008001d10                USART1_IRQHandler
                0x0000000008001d10                SPI3_IRQHandler
                0x0000000008001d10                DMA1_Stream4_IRQHandler
                0x0000000008001d10                I2C1_ER_IRQHandler
                0x0000000008001d10                DMA2_Stream6_IRQHandler
                0x0000000008001d10                DMA1_Stream3_IRQHandler
 .text.HAL_Init
                0x0000000008001d12       0x1a ./Drivers/STM32F4xx_HAL_Driver/Src/stm32f4xx_hal.o
                0x0000000008001d12                HAL_Init
 .text.HAL_InitTick
                0x0000000008001d2c       0x60 ./Drivers/STM32F4xx_HAL_Driver/Src/stm32f4xx_hal.o
                0x0000000008001d2c                HAL_InitTick
 .text.HAL_IncTick
                0x0000000008001d8c       0x28 ./Drivers/STM32F4xx_HAL_Driver/Src/stm32f4xx_hal.o
                0x0000000008001d8c                HAL_IncTick
 .text.HAL_GetTick
                0x0000000008001db4       0x18 ./Drivers/STM32F4xx_HAL_Driver/Src/stm32f4xx_hal.o
                0x0000000008001db4                HAL_GetTick
 .text.HAL_Delay
                0x0000000008001dcc       0x48 ./Drivers/STM32F4xx_HAL_Driver/Src/stm32f4xx_hal.o
                0x0000000008001dcc                HAL_Delay
 .text.__NVIC_SetPriorityGrouping
                0x0000000008001e14       0x48 ./Drivers/STM32F4xx_HAL_Driver/Src/stm32f4xx_hal_cortex.o
 .text.__NVIC_GetPriorityGrouping
                0x0000000008001e5c       0x1c ./Drivers/STM32F4xx_HAL_Driver/Src/stm32f4xx_hal_cortex.o
 .text.__NVIC_EnableIRQ
                0x0000000008001e78       0x3c ./Drivers/STM32F4xx_HAL_Driver/Src/stm32f4xx_hal_cortex.o
 .text.__NVIC_SetPriority
                0x0000000008001eb4       0x54 ./Drivers/STM32F4xx_HAL_Driver/Src/stm32f4xx_hal_cortex.o
 .text.NVIC_EncodePriority
                0x0000000008001f08       0x66 ./Drivers/STM32F4xx_HAL_Driver/Src/stm32f4xx_hal_cortex.o
 *fill*         0x0000000008001f6e        0x2 
 .text.SysTick_Config
                0x0000000008001f70       0x44 ./Drivers/STM32F4xx_HAL_Driver/Src/stm32f4xx_hal_cortex.o
 .text.HAL_NVIC_SetPriorityGrouping
                0x0000000008001fb4       0x16 ./Drivers/STM32F4xx_HAL_Driver/Src/stm32f4xx_hal_cortex.o
                0x0000000008001fb4                HAL_NVIC_SetPriorityGrouping
 .text.HAL_NVIC_SetPriority
                0x0000000008001fca       0x38 ./Drivers/STM32F4xx_HAL_Driver/Src/stm32f4xx_hal_cortex.o
                0x0000000008001fca                HAL_NVIC_SetPriority
 .text.HAL_NVIC_EnableIRQ
                0x0000000008002002       0x1c ./Drivers/STM32F4xx_HAL_Driver/Src/stm32f4xx_hal_cortex.o
                0x0000000008002002                HAL_NVIC_EnableIRQ
 .text.HAL_SYSTICK_Config
                0x000000000800201e       0x18 ./Drivers/STM32F4xx_HAL_Driver/Src/stm32f4xx_hal_cortex.o
                0x000000000800201e                HAL_SYSTICK_Config
 .text.HAL_CRC_Init
                0x0000000008002036       0x38 ./Drivers/STM32F4xx_HAL_Driver/Src/stm32f4xx_hal_crc.o
                0x0000000008002036                HAL_CRC_Init
 .text.HAL_CRC_Accumulate
                0x000000000800206e       0x56 ./Drivers/STM32F4xx_HAL_Driver/Src/stm32f4xx_hal_crc.o
                0x000000000800206e                HAL_CRC_Accumulate
 .text.HAL_CRC_Calculate
                0x00000000080020c4       0x66 ./Drivers/STM32F4xx_HAL_Driver/Src/stm32f4xx_hal_crc.o
                0x00000000080020c4                HAL_CRC_Calculate
 *fill*         0x000000000800212a        0x2 
 .text.HAL_DMA_Init
                0x000000000800212c      0x15c ./Drivers/STM32F4xx_HAL_Driver/Src/stm32f4xx_hal_dma.o
                0x000000000800212c                HAL_DMA_Init
 .text.HAL_DMA_Start_IT
                0x0000000008002288       0xb0 ./Drivers/STM32F4xx_HAL_Driver/Src/stm32f4xx_hal_dma.o
                0x0000000008002288                HAL_DMA_Start_IT
 .text.HAL_DMA_Abort_IT
                0x0000000008002338       0x44 ./Drivers/STM32F4xx_HAL_Driver/Src/stm32f4xx_hal_dma.o
                0x0000000008002338                HAL_DMA_Abort_IT
 .text.HAL_DMA_IRQHandler
                0x000000000800237c      0x314 ./Drivers/STM32F4xx_HAL_Driver/Src/stm32f4xx_hal_dma.o
                0x000000000800237c                HAL_DMA_IRQHandler
 .text.DMA_SetConfig
                0x0000000008002690       0x5c ./Drivers/STM32F4xx_HAL_Driver/Src/stm32f4xx_hal_dma.o
 .text.DMA_CalcBaseAndBitshift
                0x00000000080026ec       0x6c ./Drivers/STM32F4xx_HAL_Driver/Src/stm32f4xx_hal_dma.o
 .text.DMA_CheckFifoParam
                0x0000000008002758       0xf8 ./Drivers/STM32F4xx_HAL_Driver/Src/stm32f4xx_hal_dma.o
 .text.HAL_GPIO_Init
                0x0000000008002850      0x308 ./Drivers/STM32F4xx_HAL_Driver/Src/stm32f4xx_hal_gpio.o
                0x0000000008002850                HAL_GPIO_Init
 .text.HAL_GPIO_ReadPin
                0x0000000008002b58       0x30 ./Drivers/STM32F4xx_HAL_Driver/Src/stm32f4xx_hal_gpio.o
                0x0000000008002b58                HAL_GPIO_ReadPin
 .text.HAL_GPIO_WritePin
                0x0000000008002b88       0x32 ./Drivers/STM32F4xx_HAL_Driver/Src/stm32f4xx_hal_gpio.o
                0x0000000008002b88                HAL_GPIO_WritePin
 *fill*         0x0000000008002bba        0x2 
 .text.HAL_GPIO_EXTI_IRQHandler
                0x0000000008002bbc       0x30 ./Drivers/STM32F4xx_HAL_Driver/Src/stm32f4xx_hal_gpio.o
                0x0000000008002bbc                HAL_GPIO_EXTI_IRQHandler
 .text.HAL_PCD_Init
                0x0000000008002bec      0x23a ./Drivers/STM32F4xx_HAL_Driver/Src/stm32f4xx_hal_pcd.o
                0x0000000008002bec                HAL_PCD_Init
 .text.HAL_PCD_Start
                0x0000000008002e26       0x66 ./Drivers/STM32F4xx_HAL_Driver/Src/stm32f4xx_hal_pcd.o
                0x0000000008002e26                HAL_PCD_Start
 .text.HAL_PCD_Stop
                0x0000000008002e8c       0x72 ./Drivers/STM32F4xx_HAL_Driver/Src/stm32f4xx_hal_pcd.o
                0x0000000008002e8c                HAL_PCD_Stop
 .text.HAL_PCD_IRQHandler
                0x0000000008002efe      0x93e ./Drivers/STM32F4xx_HAL_Driver/Src/stm32f4xx_hal_pcd.o
                0x0000000008002efe                HAL_PCD_IRQHandler
 .text.HAL_PCD_SetAddress
                0x000000000800383c       0x4a ./Drivers/STM32F4xx_HAL_Driver/Src/stm32f4xx_hal_pcd.o
                0x000000000800383c                HAL_PCD_SetAddress
 .text.HAL_PCD_EP_Open
                0x0000000008003886       0xd0 ./Drivers/STM32F4xx_HAL_Driver/Src/stm32f4xx_hal_pcd.o
                0x0000000008003886                HAL_PCD_EP_Open
 .text.HAL_PCD_EP_Close
                0x0000000008003956       0x94 ./Drivers/STM32F4xx_HAL_Driver/Src/stm32f4xx_hal_pcd.o
                0x0000000008003956                HAL_PCD_EP_Close
 .text.HAL_PCD_EP_Receive
                0x00000000080039ea       0x96 ./Drivers/STM32F4xx_HAL_Driver/Src/stm32f4xx_hal_pcd.o
                0x00000000080039ea                HAL_PCD_EP_Receive
 .text.HAL_PCD_EP_GetRxCount
                0x0000000008003a80       0x30 ./Drivers/STM32F4xx_HAL_Driver/Src/stm32f4xx_hal_pcd.o
                0x0000000008003a80                HAL_PCD_EP_GetRxCount
 .text.HAL_PCD_EP_Transmit
                0x0000000008003ab0       0x94 ./Drivers/STM32F4xx_HAL_Driver/Src/stm32f4xx_hal_pcd.o
                0x0000000008003ab0                HAL_PCD_EP_Transmit
 .text.HAL_PCD_EP_SetStall
                0x0000000008003b44       0xc8 ./Drivers/STM32F4xx_HAL_Driver/Src/stm32f4xx_hal_pcd.o
                0x0000000008003b44                HAL_PCD_EP_SetStall
 .text.HAL_PCD_EP_ClrStall
                0x0000000008003c0c       0xac ./Drivers/STM32F4xx_HAL_Driver/Src/stm32f4xx_hal_pcd.o
                0x0000000008003c0c                HAL_PCD_EP_ClrStall
 .text.HAL_PCD_EP_Abort
                0x0000000008003cb8       0x62 ./Drivers/STM32F4xx_HAL_Driver/Src/stm32f4xx_hal_pcd.o
                0x0000000008003cb8                HAL_PCD_EP_Abort
 .text.HAL_PCD_EP_Flush
                0x0000000008003d1a       0x5a ./Drivers/STM32F4xx_HAL_Driver/Src/stm32f4xx_hal_pcd.o
                0x0000000008003d1a                HAL_PCD_EP_Flush
 .text.PCD_WriteEmptyTxFifo
                0x0000000008003d74      0x11a ./Drivers/STM32F4xx_HAL_Driver/Src/stm32f4xx_hal_pcd.o
 *fill*         0x0000000008003e8e        0x2 
 .text.PCD_EP_OutXfrComplete_int
                0x0000000008003e90      0x1d0 ./Drivers/STM32F4xx_HAL_Driver/Src/stm32f4xx_hal_pcd.o
 .text.PCD_EP_OutSetupPacket_int
                0x0000000008004060       0x8c ./Drivers/STM32F4xx_HAL_Driver/Src/stm32f4xx_hal_pcd.o
 .text.HAL_PCDEx_SetTxFiFo
                0x00000000080040ec       0x8e ./Drivers/STM32F4xx_HAL_Driver/Src/stm32f4xx_hal_pcd_ex.o
                0x00000000080040ec                HAL_PCDEx_SetTxFiFo
 .text.HAL_PCDEx_SetRxFiFo
                0x000000000800417a       0x22 ./Drivers/STM32F4xx_HAL_Driver/Src/stm32f4xx_hal_pcd_ex.o
                0x000000000800417a                HAL_PCDEx_SetRxFiFo
 .text.HAL_PCDEx_LPM_Callback
                0x000000000800419c       0x18 ./Drivers/STM32F4xx_HAL_Driver/Src/stm32f4xx_hal_pcd_ex.o
                0x000000000800419c                HAL_PCDEx_LPM_Callback
 .text.HAL_RCC_OscConfig
                0x00000000080041b4      0x4f0 ./Drivers/STM32F4xx_HAL_Driver/Src/stm32f4xx_hal_rcc.o
                0x00000000080041b4                HAL_RCC_OscConfig
 .text.HAL_RCC_ClockConfig
                0x00000000080046a4      0x1cc ./Drivers/STM32F4xx_HAL_Driver/Src/stm32f4xx_hal_rcc.o
                0x00000000080046a4                HAL_RCC_ClockConfig
 .text.HAL_RCC_GetSysClockFreq
                0x0000000008004870      0x18c ./Drivers/STM32F4xx_HAL_Driver/Src/stm32f4xx_hal_rcc.o
                0x0000000008004870                HAL_RCC_GetSysClockFreq
 .text.HAL_RCC_GetHCLKFreq
                0x00000000080049fc       0x18 ./Drivers/STM32F4xx_HAL_Driver/Src/stm32f4xx_hal_rcc.o
                0x00000000080049fc                HAL_RCC_GetHCLKFreq
 .text.HAL_SPI_Init
                0x0000000008004a14      0x112 ./Drivers/STM32F4xx_HAL_Driver/Src/stm32f4xx_hal_spi.o
                0x0000000008004a14                HAL_SPI_Init
 .text.HAL_SPI_Transmit
                0x0000000008004b26      0x278 ./Drivers/STM32F4xx_HAL_Driver/Src/stm32f4xx_hal_spi.o
                0x0000000008004b26                HAL_SPI_Transmit
 .text.HAL_SPI_Receive
                0x0000000008004d9e      0x222 ./Drivers/STM32F4xx_HAL_Driver/Src/stm32f4xx_hal_spi.o
                0x0000000008004d9e                HAL_SPI_Receive
 .text.HAL_SPI_TransmitReceive
                0x0000000008004fc0      0x344 ./Drivers/STM32F4xx_HAL_Driver/Src/stm32f4xx_hal_spi.o
                0x0000000008004fc0                HAL_SPI_TransmitReceive
 .text.HAL_SPI_Receive_DMA
                0x0000000008005304      0x190 ./Drivers/STM32F4xx_HAL_Driver/Src/stm32f4xx_hal_spi.o
                0x0000000008005304                HAL_SPI_Receive_DMA
 .text.HAL_SPI_TransmitReceive_DMA
                0x0000000008005494      0x204 ./Drivers/STM32F4xx_HAL_Driver/Src/stm32f4xx_hal_spi.o
                0x0000000008005494                HAL_SPI_TransmitReceive_DMA
 .text.HAL_SPI_IRQHandler
                0x0000000008005698      0x200 ./Drivers/STM32F4xx_HAL_Driver/Src/stm32f4xx_hal_spi.o
                0x0000000008005698                HAL_SPI_IRQHandler
 .text.HAL_SPI_TxRxCpltCallback
                0x0000000008005898       0x14 ./Drivers/STM32F4xx_HAL_Driver/Src/stm32f4xx_hal_spi.o
                0x0000000008005898                HAL_SPI_TxRxCpltCallback
 .text.HAL_SPI_RxHalfCpltCallback
                0x00000000080058ac       0x14 ./Drivers/STM32F4xx_HAL_Driver/Src/stm32f4xx_hal_spi.o
                0x00000000080058ac                HAL_SPI_RxHalfCpltCallback
 .text.HAL_SPI_TxRxHalfCpltCallback
                0x00000000080058c0       0x14 ./Drivers/STM32F4xx_HAL_Driver/Src/stm32f4xx_hal_spi.o
                0x00000000080058c0                HAL_SPI_TxRxHalfCpltCallback
 .text.SPI_DMAReceiveCplt
                0x00000000080058d4       0xa8 ./Drivers/STM32F4xx_HAL_Driver/Src/stm32f4xx_hal_spi.o
 .text.SPI_DMATransmitReceiveCplt
                0x000000000800597c       0x90 ./Drivers/STM32F4xx_HAL_Driver/Src/stm32f4xx_hal_spi.o
 .text.SPI_DMAHalfReceiveCplt
                0x0000000008005a0c       0x1c ./Drivers/STM32F4xx_HAL_Driver/Src/stm32f4xx_hal_spi.o
 .text.SPI_DMAHalfTransmitReceiveCplt
                0x0000000008005a28       0x1c ./Drivers/STM32F4xx_HAL_Driver/Src/stm32f4xx_hal_spi.o
 .text.SPI_DMAError
                0x0000000008005a44       0x40 ./Drivers/STM32F4xx_HAL_Driver/Src/stm32f4xx_hal_spi.o
 .text.SPI_DMAAbortOnError
                0x0000000008005a84       0x28 ./Drivers/STM32F4xx_HAL_Driver/Src/stm32f4xx_hal_spi.o
 .text.SPI_WaitFlagStateUntilTimeout
                0x0000000008005aac      0x110 ./Drivers/STM32F4xx_HAL_Driver/Src/stm32f4xx_hal_spi.o
 .text.SPI_EndRxTransaction
                0x0000000008005bbc       0xca ./Drivers/STM32F4xx_HAL_Driver/Src/stm32f4xx_hal_spi.o
 *fill*         0x0000000008005c86        0x2 
 .text.SPI_EndRxTxTransaction
                0x0000000008005c88       0x84 ./Drivers/STM32F4xx_HAL_Driver/Src/stm32f4xx_hal_spi.o
 .text.HAL_TIM_Base_Init
                0x0000000008005d0c       0x9e ./Drivers/STM32F4xx_HAL_Driver/Src/stm32f4xx_hal_tim.o
                0x0000000008005d0c                HAL_TIM_Base_Init
 .text.HAL_TIM_PWM_Init
                0x0000000008005daa       0x9e ./Drivers/STM32F4xx_HAL_Driver/Src/stm32f4xx_hal_tim.o
                0x0000000008005daa                HAL_TIM_PWM_Init
 .text.HAL_TIM_PWM_MspInit
                0x0000000008005e48       0x14 ./Drivers/STM32F4xx_HAL_Driver/Src/stm32f4xx_hal_tim.o
                0x0000000008005e48                HAL_TIM_PWM_MspInit
 .text.HAL_TIM_PWM_Start_IT
                0x0000000008005e5c      0x1fc ./Drivers/STM32F4xx_HAL_Driver/Src/stm32f4xx_hal_tim.o
                0x0000000008005e5c                HAL_TIM_PWM_Start_IT
 .text.HAL_TIM_PWM_Stop_IT
                0x0000000008006058      0x164 ./Drivers/STM32F4xx_HAL_Driver/Src/stm32f4xx_hal_tim.o
                0x0000000008006058                HAL_TIM_PWM_Stop_IT
 .text.HAL_TIM_IRQHandler
                0x00000000080061bc      0x210 ./Drivers/STM32F4xx_HAL_Driver/Src/stm32f4xx_hal_tim.o
                0x00000000080061bc                HAL_TIM_IRQHandler
 .text.HAL_TIM_PWM_ConfigChannel
                0x00000000080063cc      0x184 ./Drivers/STM32F4xx_HAL_Driver/Src/stm32f4xx_hal_tim.o
                0x00000000080063cc                HAL_TIM_PWM_ConfigChannel
 .text.HAL_TIM_ConfigClockSource
                0x0000000008006550      0x18e ./Drivers/STM32F4xx_HAL_Driver/Src/stm32f4xx_hal_tim.o
                0x0000000008006550                HAL_TIM_ConfigClockSource
 .text.HAL_TIM_PeriodElapsedCallback
                0x00000000080066de       0x14 ./Drivers/STM32F4xx_HAL_Driver/Src/stm32f4xx_hal_tim.o
                0x00000000080066de                HAL_TIM_PeriodElapsedCallback
 .text.HAL_TIM_OC_DelayElapsedCallback
                0x00000000080066f2       0x14 ./Drivers/STM32F4xx_HAL_Driver/Src/stm32f4xx_hal_tim.o
                0x00000000080066f2                HAL_TIM_OC_DelayElapsedCallback
 .text.HAL_TIM_IC_CaptureCallback
                0x0000000008006706       0x14 ./Drivers/STM32F4xx_HAL_Driver/Src/stm32f4xx_hal_tim.o
                0x0000000008006706                HAL_TIM_IC_CaptureCallback
 .text.HAL_TIM_TriggerCallback
                0x000000000800671a       0x14 ./Drivers/STM32F4xx_HAL_Driver/Src/stm32f4xx_hal_tim.o
                0x000000000800671a                HAL_TIM_TriggerCallback
 *fill*         0x000000000800672e        0x2 
 .text.TIM_Base_SetConfig
                0x0000000008006730      0x100 ./Drivers/STM32F4xx_HAL_Driver/Src/stm32f4xx_hal_tim.o
                0x0000000008006730                TIM_Base_SetConfig
 .text.TIM_OC1_SetConfig
                0x0000000008006830       0xcc ./Drivers/STM32F4xx_HAL_Driver/Src/stm32f4xx_hal_tim.o
 .text.TIM_OC2_SetConfig
                0x00000000080068fc       0xd8 ./Drivers/STM32F4xx_HAL_Driver/Src/stm32f4xx_hal_tim.o
                0x00000000080068fc                TIM_OC2_SetConfig
 .text.TIM_OC3_SetConfig
                0x00000000080069d4       0xd4 ./Drivers/STM32F4xx_HAL_Driver/Src/stm32f4xx_hal_tim.o
 .text.TIM_OC4_SetConfig
                0x0000000008006aa8       0xa0 ./Drivers/STM32F4xx_HAL_Driver/Src/stm32f4xx_hal_tim.o
 .text.TIM_TI1_ConfigInputStage
                0x0000000008006b48       0x5e ./Drivers/STM32F4xx_HAL_Driver/Src/stm32f4xx_hal_tim.o
 .text.TIM_TI2_ConfigInputStage
                0x0000000008006ba6       0x60 ./Drivers/STM32F4xx_HAL_Driver/Src/stm32f4xx_hal_tim.o
 .text.TIM_ITRx_SetConfig
                0x0000000008006c06       0x36 ./Drivers/STM32F4xx_HAL_Driver/Src/stm32f4xx_hal_tim.o
 .text.TIM_ETR_SetConfig
                0x0000000008006c3c       0x40 ./Drivers/STM32F4xx_HAL_Driver/Src/stm32f4xx_hal_tim.o
                0x0000000008006c3c                TIM_ETR_SetConfig
 .text.TIM_CCxChannelCmd
                0x0000000008006c7c       0x4a ./Drivers/STM32F4xx_HAL_Driver/Src/stm32f4xx_hal_tim.o
                0x0000000008006c7c                TIM_CCxChannelCmd
 *fill*         0x0000000008006cc6        0x2 
 .text.HAL_TIMEx_MasterConfigSynchronization
                0x0000000008006cc8       0xdc ./Drivers/STM32F4xx_HAL_Driver/Src/stm32f4xx_hal_tim_ex.o
                0x0000000008006cc8                HAL_TIMEx_MasterConfigSynchronization
 .text.HAL_TIMEx_ConfigBreakDeadTime
                0x0000000008006da4       0xa4 ./Drivers/STM32F4xx_HAL_Driver/Src/stm32f4xx_hal_tim_ex.o
                0x0000000008006da4                HAL_TIMEx_ConfigBreakDeadTime
 .text.HAL_TIMEx_CommutCallback
                0x0000000008006e48       0x14 ./Drivers/STM32F4xx_HAL_Driver/Src/stm32f4xx_hal_tim_ex.o
                0x0000000008006e48                HAL_TIMEx_CommutCallback
 .text.HAL_TIMEx_BreakCallback
                0x0000000008006e5c       0x14 ./Drivers/STM32F4xx_HAL_Driver/Src/stm32f4xx_hal_tim_ex.o
                0x0000000008006e5c                HAL_TIMEx_BreakCallback
 .text.USB_CoreInit
                0x0000000008006e70       0xc2 ./Drivers/STM32F4xx_HAL_Driver/Src/stm32f4xx_ll_usb.o
                0x0000000008006e70                USB_CoreInit
 *fill*         0x0000000008006f32        0x2 
 .text.USB_SetTurnaroundTime
                0x0000000008006f34      0x144 ./Drivers/STM32F4xx_HAL_Driver/Src/stm32f4xx_ll_usb.o
                0x0000000008006f34                USB_SetTurnaroundTime
 .text.USB_EnableGlobalInt
                0x0000000008007078       0x22 ./Drivers/STM32F4xx_HAL_Driver/Src/stm32f4xx_ll_usb.o
                0x0000000008007078                USB_EnableGlobalInt
 .text.USB_DisableGlobalInt
                0x000000000800709a       0x22 ./Drivers/STM32F4xx_HAL_Driver/Src/stm32f4xx_ll_usb.o
                0x000000000800709a                USB_DisableGlobalInt
 .text.USB_SetCurrentMode
                0x00000000080070bc       0x98 ./Drivers/STM32F4xx_HAL_Driver/Src/stm32f4xx_ll_usb.o
                0x00000000080070bc                USB_SetCurrentMode
 .text.USB_DevInit
                0x0000000008007154      0x2c8 ./Drivers/STM32F4xx_HAL_Driver/Src/stm32f4xx_ll_usb.o
                0x0000000008007154                USB_DevInit
 .text.USB_FlushTxFifo
                0x000000000800741c       0x68 ./Drivers/STM32F4xx_HAL_Driver/Src/stm32f4xx_ll_usb.o
                0x000000000800741c                USB_FlushTxFifo
 .text.USB_FlushRxFifo
                0x0000000008007484       0x60 ./Drivers/STM32F4xx_HAL_Driver/Src/stm32f4xx_ll_usb.o
                0x0000000008007484                USB_FlushRxFifo
 .text.USB_SetDevSpeed
                0x00000000080074e4       0x32 ./Drivers/STM32F4xx_HAL_Driver/Src/stm32f4xx_ll_usb.o
                0x00000000080074e4                USB_SetDevSpeed
 .text.USB_GetDevSpeed
                0x0000000008007516       0x4a ./Drivers/STM32F4xx_HAL_Driver/Src/stm32f4xx_ll_usb.o
                0x0000000008007516                USB_GetDevSpeed
 .text.USB_ActivateEndpoint
                0x0000000008007560      0x10e ./Drivers/STM32F4xx_HAL_Driver/Src/stm32f4xx_ll_usb.o
                0x0000000008007560                USB_ActivateEndpoint
 *fill*         0x000000000800766e        0x2 
 .text.USB_DeactivateEndpoint
                0x0000000008007670      0x1b8 ./Drivers/STM32F4xx_HAL_Driver/Src/stm32f4xx_ll_usb.o
                0x0000000008007670                USB_DeactivateEndpoint
 .text.USB_EPStartXfer
                0x0000000008007828      0x490 ./Drivers/STM32F4xx_HAL_Driver/Src/stm32f4xx_ll_usb.o
                0x0000000008007828                USB_EPStartXfer
 .text.USB_EP0StartXfer
                0x0000000008007cb8      0x2b0 ./Drivers/STM32F4xx_HAL_Driver/Src/stm32f4xx_ll_usb.o
                0x0000000008007cb8                USB_EP0StartXfer
 .text.USB_EPStopXfer
                0x0000000008007f68      0x154 ./Drivers/STM32F4xx_HAL_Driver/Src/stm32f4xx_ll_usb.o
                0x0000000008007f68                USB_EPStopXfer
 .text.USB_WritePacket
                0x00000000080080bc       0x7c ./Drivers/STM32F4xx_HAL_Driver/Src/stm32f4xx_ll_usb.o
                0x00000000080080bc                USB_WritePacket
 .text.USB_ReadPacket
                0x0000000008008138       0xb0 ./Drivers/STM32F4xx_HAL_Driver/Src/stm32f4xx_ll_usb.o
                0x0000000008008138                USB_ReadPacket
 .text.USB_EPSetStall
                0x00000000080081e8       0xdc ./Drivers/STM32F4xx_HAL_Driver/Src/stm32f4xx_ll_usb.o
                0x00000000080081e8                USB_EPSetStall
 .text.USB_EPClearStall
                0x00000000080082c4       0xcc ./Drivers/STM32F4xx_HAL_Driver/Src/stm32f4xx_ll_usb.o
                0x00000000080082c4                USB_EPClearStall
 .text.USB_SetDevAddress
                0x0000000008008390       0x4c ./Drivers/STM32F4xx_HAL_Driver/Src/stm32f4xx_ll_usb.o
                0x0000000008008390                USB_SetDevAddress
 .text.USB_DevConnect
                0x00000000080083dc       0x42 ./Drivers/STM32F4xx_HAL_Driver/Src/stm32f4xx_ll_usb.o
                0x00000000080083dc                USB_DevConnect
 .text.USB_DevDisconnect
                0x000000000800841e       0x42 ./Drivers/STM32F4xx_HAL_Driver/Src/stm32f4xx_ll_usb.o
                0x000000000800841e                USB_DevDisconnect
 .text.USB_ReadInterrupts
                0x0000000008008460       0x26 ./Drivers/STM32F4xx_HAL_Driver/Src/stm32f4xx_ll_usb.o
                0x0000000008008460                USB_ReadInterrupts
 .text.USB_ReadDevAllOutEpInterrupt
                0x0000000008008486       0x34 ./Drivers/STM32F4xx_HAL_Driver/Src/stm32f4xx_ll_usb.o
                0x0000000008008486                USB_ReadDevAllOutEpInterrupt
 .text.USB_ReadDevAllInEpInterrupt
                0x00000000080084ba       0x34 ./Drivers/STM32F4xx_HAL_Driver/Src/stm32f4xx_ll_usb.o
                0x00000000080084ba                USB_ReadDevAllInEpInterrupt
 .text.USB_ReadDevOutEPInterrupt
                0x00000000080084ee       0x3c ./Drivers/STM32F4xx_HAL_Driver/Src/stm32f4xx_ll_usb.o
                0x00000000080084ee                USB_ReadDevOutEPInterrupt
 .text.USB_ReadDevInEPInterrupt
                0x000000000800852a       0x5c ./Drivers/STM32F4xx_HAL_Driver/Src/stm32f4xx_ll_usb.o
                0x000000000800852a                USB_ReadDevInEPInterrupt
 .text.USB_GetMode
                0x0000000008008586       0x1c ./Drivers/STM32F4xx_HAL_Driver/Src/stm32f4xx_ll_usb.o
                0x0000000008008586                USB_GetMode
 .text.USB_ActivateSetup
                0x00000000080085a2       0x46 ./Drivers/STM32F4xx_HAL_Driver/Src/stm32f4xx_ll_usb.o
                0x00000000080085a2                USB_ActivateSetup
 .text.USB_EP0_OutStart
                0x00000000080085e8       0xbc ./Drivers/STM32F4xx_HAL_Driver/Src/stm32f4xx_ll_usb.o
                0x00000000080085e8                USB_EP0_OutStart
 .text.USB_CoreReset
                0x00000000080086a4       0x68 ./Drivers/STM32F4xx_HAL_Driver/Src/stm32f4xx_ll_usb.o
 .text.USBD_MSC_Init
                0x000000000800870c      0x120 ./Middlewares/ST/STM32_USB_Device_Library/Class/MSC/Src/usbd_msc.o
                0x000000000800870c                USBD_MSC_Init
 .text.USBD_MSC_DeInit
                0x000000000800882c       0xb0 ./Middlewares/ST/STM32_USB_Device_Library/Class/MSC/Src/usbd_msc.o
                0x000000000800882c                USBD_MSC_DeInit
 .text.USBD_MSC_Setup
                0x00000000080088dc      0x1f8 ./Middlewares/ST/STM32_USB_Device_Library/Class/MSC/Src/usbd_msc.o
                0x00000000080088dc                USBD_MSC_Setup
 .text.USBD_MSC_DataIn
                0x0000000008008ad4       0x20 ./Middlewares/ST/STM32_USB_Device_Library/Class/MSC/Src/usbd_msc.o
                0x0000000008008ad4                USBD_MSC_DataIn
 .text.USBD_MSC_DataOut
                0x0000000008008af4       0x20 ./Middlewares/ST/STM32_USB_Device_Library/Class/MSC/Src/usbd_msc.o
                0x0000000008008af4                USBD_MSC_DataOut
 .text.USBD_MSC_GetHSCfgDesc
                0x0000000008008b14       0x58 ./Middlewares/ST/STM32_USB_Device_Library/Class/MSC/Src/usbd_msc.o
                0x0000000008008b14                USBD_MSC_GetHSCfgDesc
 .text.USBD_MSC_GetFSCfgDesc
                0x0000000008008b6c       0x58 ./Middlewares/ST/STM32_USB_Device_Library/Class/MSC/Src/usbd_msc.o
                0x0000000008008b6c                USBD_MSC_GetFSCfgDesc
 .text.USBD_MSC_GetOtherSpeedCfgDesc
                0x0000000008008bc4       0x58 ./Middlewares/ST/STM32_USB_Device_Library/Class/MSC/Src/usbd_msc.o
                0x0000000008008bc4                USBD_MSC_GetOtherSpeedCfgDesc
 .text.USBD_MSC_GetDeviceQualifierDescriptor
                0x0000000008008c1c       0x20 ./Middlewares/ST/STM32_USB_Device_Library/Class/MSC/Src/usbd_msc.o
                0x0000000008008c1c                USBD_MSC_GetDeviceQualifierDescriptor
 .text.USBD_MSC_RegisterStorage
                0x0000000008008c3c       0x34 ./Middlewares/ST/STM32_USB_Device_Library/Class/MSC/Src/usbd_msc.o
                0x0000000008008c3c                USBD_MSC_RegisterStorage
 .text.MSC_BOT_Init
                0x0000000008008c70       0xa4 ./Middlewares/ST/STM32_USB_Device_Library/Class/MSC/Src/usbd_msc_bot.o
                0x0000000008008c70                MSC_BOT_Init
 .text.MSC_BOT_Reset
                0x0000000008008d14       0x68 ./Middlewares/ST/STM32_USB_Device_Library/Class/MSC/Src/usbd_msc_bot.o
                0x0000000008008d14                MSC_BOT_Reset
 .text.MSC_BOT_DeInit
                0x0000000008008d7c       0x30 ./Middlewares/ST/STM32_USB_Device_Library/Class/MSC/Src/usbd_msc_bot.o
                0x0000000008008d7c                MSC_BOT_DeInit
 .text.MSC_BOT_DataIn
                0x0000000008008dac       0x78 ./Middlewares/ST/STM32_USB_Device_Library/Class/MSC/Src/usbd_msc_bot.o
                0x0000000008008dac                MSC_BOT_DataIn
 .text.MSC_BOT_DataOut
                0x0000000008008e24       0x6c ./Middlewares/ST/STM32_USB_Device_Library/Class/MSC/Src/usbd_msc_bot.o
                0x0000000008008e24                MSC_BOT_DataOut
 .text.MSC_BOT_CBW_Decode
                0x0000000008008e90      0x140 ./Middlewares/ST/STM32_USB_Device_Library/Class/MSC/Src/usbd_msc_bot.o
 .text.MSC_BOT_SendData
                0x0000000008008fd0       0x78 ./Middlewares/ST/STM32_USB_Device_Library/Class/MSC/Src/usbd_msc_bot.o
 .text.MSC_BOT_SendCSW
                0x0000000008009048       0x80 ./Middlewares/ST/STM32_USB_Device_Library/Class/MSC/Src/usbd_msc_bot.o
                0x0000000008009048                MSC_BOT_SendCSW
 .text.MSC_BOT_Abort
                0x00000000080090c8       0x88 ./Middlewares/ST/STM32_USB_Device_Library/Class/MSC/Src/usbd_msc_bot.o
 .text.MSC_BOT_CplClrFeature
                0x0000000008009150       0x74 ./Middlewares/ST/STM32_USB_Device_Library/Class/MSC/Src/usbd_msc_bot.o
                0x0000000008009150                MSC_BOT_CplClrFeature
 .text.SCSI_ProcessCmd
                0x00000000080091c4      0x304 ./Middlewares/ST/STM32_USB_Device_Library/Class/MSC/Src/usbd_msc_scsi.o
                0x00000000080091c4                SCSI_ProcessCmd
 .text.SCSI_TestUnitReady
                0x00000000080094c8       0xba ./Middlewares/ST/STM32_USB_Device_Library/Class/MSC/Src/usbd_msc_scsi.o
 *fill*         0x0000000008009582        0x2 
 .text.SCSI_Inquiry
                0x0000000008009584      0x100 ./Middlewares/ST/STM32_USB_Device_Library/Class/MSC/Src/usbd_msc_scsi.o
 .text.SCSI_ReadCapacity10
                0x0000000008009684      0x11e ./Middlewares/ST/STM32_USB_Device_Library/Class/MSC/Src/usbd_msc_scsi.o
 .text.SCSI_ReadCapacity16
                0x00000000080097a2      0x188 ./Middlewares/ST/STM32_USB_Device_Library/Class/MSC/Src/usbd_msc_scsi.o
 .text.SCSI_ReadFormatCapacity
                0x000000000800992a       0xfa ./Middlewares/ST/STM32_USB_Device_Library/Class/MSC/Src/usbd_msc_scsi.o
 .text.SCSI_ModeSense6
                0x0000000008009a24       0x60 ./Middlewares/ST/STM32_USB_Device_Library/Class/MSC/Src/usbd_msc_scsi.o
 .text.SCSI_ModeSense10
                0x0000000008009a84       0x60 ./Middlewares/ST/STM32_USB_Device_Library/Class/MSC/Src/usbd_msc_scsi.o
 .text.SCSI_RequestSense
                0x0000000008009ae4      0x134 ./Middlewares/ST/STM32_USB_Device_Library/Class/MSC/Src/usbd_msc_scsi.o
 .text.SCSI_SenseCode
                0x0000000008009c18       0xb8 ./Middlewares/ST/STM32_USB_Device_Library/Class/MSC/Src/usbd_msc_scsi.o
                0x0000000008009c18                SCSI_SenseCode
 .text.SCSI_StartStopUnit
                0x0000000008009cd0       0xba ./Middlewares/ST/STM32_USB_Device_Library/Class/MSC/Src/usbd_msc_scsi.o
 .text.SCSI_AllowPreventRemovable
                0x0000000008009d8a       0x62 ./Middlewares/ST/STM32_USB_Device_Library/Class/MSC/Src/usbd_msc_scsi.o
 .text.SCSI_Read10
                0x0000000008009dec      0x16e ./Middlewares/ST/STM32_USB_Device_Library/Class/MSC/Src/usbd_msc_scsi.o
 .text.SCSI_Read12
                0x0000000008009f5a      0x182 ./Middlewares/ST/STM32_USB_Device_Library/Class/MSC/Src/usbd_msc_scsi.o
 .text.SCSI_Write10
                0x000000000800a0dc      0x1c8 ./Middlewares/ST/STM32_USB_Device_Library/Class/MSC/Src/usbd_msc_scsi.o
 .text.SCSI_Write12
                0x000000000800a2a4      0x1e8 ./Middlewares/ST/STM32_USB_Device_Library/Class/MSC/Src/usbd_msc_scsi.o
 .text.SCSI_Verify10
                0x000000000800a48c       0x7e ./Middlewares/ST/STM32_USB_Device_Library/Class/MSC/Src/usbd_msc_scsi.o
 .text.SCSI_CheckAddressRange
                0x000000000800a50a       0x5a ./Middlewares/ST/STM32_USB_Device_Library/Class/MSC/Src/usbd_msc_scsi.o
 .text.SCSI_ProcessRead
                0x000000000800a564      0x12c ./Middlewares/ST/STM32_USB_Device_Library/Class/MSC/Src/usbd_msc_scsi.o
 .text.SCSI_ProcessWrite
                0x000000000800a690      0x154 ./Middlewares/ST/STM32_USB_Device_Library/Class/MSC/Src/usbd_msc_scsi.o
 .text.SCSI_UpdateBotData
                0x000000000800a7e4       0x52 ./Middlewares/ST/STM32_USB_Device_Library/Class/MSC/Src/usbd_msc_scsi.o
 .text.USBD_Init
                0x000000000800a836       0x60 ./Middlewares/ST/STM32_USB_Device_Library/Core/Src/usbd_core.o
                0x000000000800a836                USBD_Init
 .text.USBD_RegisterClass
                0x000000000800a896       0x6c ./Middlewares/ST/STM32_USB_Device_Library/Core/Src/usbd_core.o
                0x000000000800a896                USBD_RegisterClass
 .text.USBD_Start
                0x000000000800a902       0x18 ./Middlewares/ST/STM32_USB_Device_Library/Core/Src/usbd_core.o
                0x000000000800a902                USBD_Start
 .text.USBD_Stop
                0x000000000800a91a       0x36 ./Middlewares/ST/STM32_USB_Device_Library/Core/Src/usbd_core.o
                0x000000000800a91a                USBD_Stop
 .text.USBD_RunTestMode
                0x000000000800a950       0x16 ./Middlewares/ST/STM32_USB_Device_Library/Core/Src/usbd_core.o
                0x000000000800a950                USBD_RunTestMode
 .text.USBD_SetClassConfig
                0x000000000800a966       0x38 ./Middlewares/ST/STM32_USB_Device_Library/Core/Src/usbd_core.o
                0x000000000800a966                USBD_SetClassConfig
 .text.USBD_ClrClassConfig
                0x000000000800a99e       0x34 ./Middlewares/ST/STM32_USB_Device_Library/Core/Src/usbd_core.o
                0x000000000800a99e                USBD_ClrClassConfig
 .text.USBD_LL_SetupStage
                0x000000000800a9d2       0xaa ./Middlewares/ST/STM32_USB_Device_Library/Core/Src/usbd_core.o
                0x000000000800a9d2                USBD_LL_SetupStage
 .text.USBD_LL_DataOutStage
                0x000000000800aa7c      0x166 ./Middlewares/ST/STM32_USB_Device_Library/Core/Src/usbd_core.o
                0x000000000800aa7c                USBD_LL_DataOutStage
 .text.USBD_LL_DataInStage
                0x000000000800abe2      0x164 ./Middlewares/ST/STM32_USB_Device_Library/Core/Src/usbd_core.o
                0x000000000800abe2                USBD_LL_DataInStage
 .text.USBD_LL_Reset
                0x000000000800ad46       0xa4 ./Middlewares/ST/STM32_USB_Device_Library/Core/Src/usbd_core.o
                0x000000000800ad46                USBD_LL_Reset
 .text.USBD_LL_SetSpeed
                0x000000000800adea       0x20 ./Middlewares/ST/STM32_USB_Device_Library/Core/Src/usbd_core.o
                0x000000000800adea                USBD_LL_SetSpeed
 .text.USBD_LL_Suspend
                0x000000000800ae0a       0x2c ./Middlewares/ST/STM32_USB_Device_Library/Core/Src/usbd_core.o
                0x000000000800ae0a                USBD_LL_Suspend
 .text.USBD_LL_Resume
                0x000000000800ae36       0x30 ./Middlewares/ST/STM32_USB_Device_Library/Core/Src/usbd_core.o
                0x000000000800ae36                USBD_LL_Resume
 .text.USBD_LL_SOF
                0x000000000800ae66       0x40 ./Middlewares/ST/STM32_USB_Device_Library/Core/Src/usbd_core.o
                0x000000000800ae66                USBD_LL_SOF
 .text.USBD_LL_IsoINIncomplete
                0x000000000800aea6       0x64 ./Middlewares/ST/STM32_USB_Device_Library/Core/Src/usbd_core.o
                0x000000000800aea6                USBD_LL_IsoINIncomplete
 .text.USBD_LL_IsoOUTIncomplete
                0x000000000800af0a       0x64 ./Middlewares/ST/STM32_USB_Device_Library/Core/Src/usbd_core.o
                0x000000000800af0a                USBD_LL_IsoOUTIncomplete
 .text.USBD_LL_DevConnected
                0x000000000800af6e       0x16 ./Middlewares/ST/STM32_USB_Device_Library/Core/Src/usbd_core.o
                0x000000000800af6e                USBD_LL_DevConnected
 .text.USBD_LL_DevDisconnected
                0x000000000800af84       0x46 ./Middlewares/ST/STM32_USB_Device_Library/Core/Src/usbd_core.o
                0x000000000800af84                USBD_LL_DevDisconnected
 .text.USBD_CoreFindIF
                0x000000000800afca       0x1a ./Middlewares/ST/STM32_USB_Device_Library/Core/Src/usbd_core.o
                0x000000000800afca                USBD_CoreFindIF
 .text.USBD_CoreFindEP
                0x000000000800afe4       0x1a ./Middlewares/ST/STM32_USB_Device_Library/Core/Src/usbd_core.o
                0x000000000800afe4                USBD_CoreFindEP
 .text.USBD_GetEpDesc
                0x000000000800affe       0x74 ./Middlewares/ST/STM32_USB_Device_Library/Core/Src/usbd_core.o
                0x000000000800affe                USBD_GetEpDesc
 .text.USBD_GetNextDesc
                0x000000000800b072       0x3a ./Middlewares/ST/STM32_USB_Device_Library/Core/Src/usbd_core.o
                0x000000000800b072                USBD_GetNextDesc
 .text.SWAPBYTE
                0x000000000800b0ac       0x3c ./Middlewares/ST/STM32_USB_Device_Library/Core/Src/usbd_ctlreq.o
 .text.USBD_StdDevReq
                0x000000000800b0e8       0xe4 ./Middlewares/ST/STM32_USB_Device_Library/Core/Src/usbd_ctlreq.o
                0x000000000800b0e8                USBD_StdDevReq
 .text.USBD_StdItfReq
                0x000000000800b1cc       0xd8 ./Middlewares/ST/STM32_USB_Device_Library/Core/Src/usbd_ctlreq.o
                0x000000000800b1cc                USBD_StdItfReq
 .text.USBD_StdEPReq
                0x000000000800b2a4      0x33a ./Middlewares/ST/STM32_USB_Device_Library/Core/Src/usbd_ctlreq.o
                0x000000000800b2a4                USBD_StdEPReq
 *fill*         0x000000000800b5de        0x2 
 .text.USBD_GetDescriptor
                0x000000000800b5e0      0x2d4 ./Middlewares/ST/STM32_USB_Device_Library/Core/Src/usbd_ctlreq.o
 .text.USBD_SetAddress
                0x000000000800b8b4       0x88 ./Middlewares/ST/STM32_USB_Device_Library/Core/Src/usbd_ctlreq.o
 .text.USBD_SetConfig
                0x000000000800b93c      0x154 ./Middlewares/ST/STM32_USB_Device_Library/Core/Src/usbd_ctlreq.o
 .text.USBD_GetConfig
                0x000000000800ba90       0x6c ./Middlewares/ST/STM32_USB_Device_Library/Core/Src/usbd_ctlreq.o
 .text.USBD_GetStatus
                0x000000000800bafc       0x68 ./Middlewares/ST/STM32_USB_Device_Library/Core/Src/usbd_ctlreq.o
 .text.USBD_SetFeature
                0x000000000800bb64       0x52 ./Middlewares/ST/STM32_USB_Device_Library/Core/Src/usbd_ctlreq.o
 .text.USBD_ClrFeature
                0x000000000800bbb6       0x44 ./Middlewares/ST/STM32_USB_Device_Library/Core/Src/usbd_ctlreq.o
 .text.USBD_ParseSetupRequest
                0x000000000800bbfa       0x74 ./Middlewares/ST/STM32_USB_Device_Library/Core/Src/usbd_ctlreq.o
                0x000000000800bbfa                USBD_ParseSetupRequest
 .text.USBD_CtlError
                0x000000000800bc6e       0x22 ./Middlewares/ST/STM32_USB_Device_Library/Core/Src/usbd_ctlreq.o
                0x000000000800bc6e                USBD_CtlError
 .text.USBD_GetString
                0x000000000800bc90       0x8c ./Middlewares/ST/STM32_USB_Device_Library/Core/Src/usbd_ctlreq.o
                0x000000000800bc90                USBD_GetString
 .text.USBD_GetLen
                0x000000000800bd1c       0x34 ./Middlewares/ST/STM32_USB_Device_Library/Core/Src/usbd_ctlreq.o
 .text.USBD_CtlSendData
                0x000000000800bd50       0x36 ./Middlewares/ST/STM32_USB_Device_Library/Core/Src/usbd_ioreq.o
                0x000000000800bd50                USBD_CtlSendData
 .text.USBD_CtlContinueSendData
                0x000000000800bd86       0x22 ./Middlewares/ST/STM32_USB_Device_Library/Core/Src/usbd_ioreq.o
                0x000000000800bd86                USBD_CtlContinueSendData
 .text.USBD_CtlContinueRx
                0x000000000800bda8       0x22 ./Middlewares/ST/STM32_USB_Device_Library/Core/Src/usbd_ioreq.o
                0x000000000800bda8                USBD_CtlContinueRx
 .text.USBD_CtlSendStatus
                0x000000000800bdca       0x26 ./Middlewares/ST/STM32_USB_Device_Library/Core/Src/usbd_ioreq.o
                0x000000000800bdca                USBD_CtlSendStatus
 .text.USBD_CtlReceiveStatus
                0x000000000800bdf0       0x26 ./Middlewares/ST/STM32_USB_Device_Library/Core/Src/usbd_ioreq.o
                0x000000000800bdf0                USBD_CtlReceiveStatus
 *fill*         0x000000000800be16        0x2 
 .text.MX_USB_DEVICE_Init
                0x000000000800be18       0x60 ./USB_DEVICE/App/usb_device.o
                0x000000000800be18                MX_USB_DEVICE_Init
 .text.USBD_FS_DeviceDescriptor
                0x000000000800be78       0x24 ./USB_DEVICE/App/usbd_desc.o
                0x000000000800be78                USBD_FS_DeviceDescriptor
 .text.USBD_FS_LangIDStrDescriptor
                0x000000000800be9c       0x24 ./USB_DEVICE/App/usbd_desc.o
                0x000000000800be9c                USBD_FS_LangIDStrDescriptor
 .text.USBD_FS_ProductStrDescriptor
                0x000000000800bec0       0x3c ./USB_DEVICE/App/usbd_desc.o
                0x000000000800bec0                USBD_FS_ProductStrDescriptor
 .text.USBD_FS_ManufacturerStrDescriptor
                0x000000000800befc       0x28 ./USB_DEVICE/App/usbd_desc.o
                0x000000000800befc                USBD_FS_ManufacturerStrDescriptor
 .text.USBD_FS_SerialStrDescriptor
                0x000000000800bf24       0x24 ./USB_DEVICE/App/usbd_desc.o
                0x000000000800bf24                USBD_FS_SerialStrDescriptor
 .text.USBD_FS_ConfigStrDescriptor
                0x000000000800bf48       0x3c ./USB_DEVICE/App/usbd_desc.o
                0x000000000800bf48                USBD_FS_ConfigStrDescriptor
 .text.USBD_FS_InterfaceStrDescriptor
                0x000000000800bf84       0x3c ./USB_DEVICE/App/usbd_desc.o
                0x000000000800bf84                USBD_FS_InterfaceStrDescriptor
 .text.Get_SerialNum
                0x000000000800bfc0       0x58 ./USB_DEVICE/App/usbd_desc.o
 .text.IntToUnicode
                0x000000000800c018       0x7e ./USB_DEVICE/App/usbd_desc.o
 .text.STORAGE_Init_FS
                0x000000000800c096       0x18 ./USB_DEVICE/App/usbd_storage_if.o
 .text.STORAGE_GetCapacity_FS
                0x000000000800c0ae       0x2c ./USB_DEVICE/App/usbd_storage_if.o
 .text.STORAGE_IsReady_FS
                0x000000000800c0da       0x18 ./USB_DEVICE/App/usbd_storage_if.o
 .text.STORAGE_IsWriteProtected_FS
                0x000000000800c0f2       0x18 ./USB_DEVICE/App/usbd_storage_if.o
 .text.STORAGE_Read_FS
                0x000000000800c10a       0x4c ./USB_DEVICE/App/usbd_storage_if.o
 .text.STORAGE_Write_FS
                0x000000000800c156       0x5c ./USB_DEVICE/App/usbd_storage_if.o
 .text.STORAGE_GetMaxLun_FS
                0x000000000800c1b2       0x10 ./USB_DEVICE/App/usbd_storage_if.o
 *fill*         0x000000000800c1c2        0x2 
 .text.HAL_PCD_MspInit
                0x000000000800c1c4       0xa8 ./USB_DEVICE/Target/usbd_conf.o
                0x000000000800c1c4                HAL_PCD_MspInit
 .text.HAL_PCD_SetupStageCallback
                0x000000000800c26c       0x24 ./USB_DEVICE/Target/usbd_conf.o
                0x000000000800c26c                HAL_PCD_SetupStageCallback
 .text.HAL_PCD_DataOutStageCallback
                0x000000000800c290       0x36 ./USB_DEVICE/Target/usbd_conf.o
                0x000000000800c290                HAL_PCD_DataOutStageCallback
 .text.HAL_PCD_DataInStageCallback
                0x000000000800c2c6       0x34 ./USB_DEVICE/Target/usbd_conf.o
                0x000000000800c2c6                HAL_PCD_DataInStageCallback
 .text.HAL_PCD_SOFCallback
                0x000000000800c2fa       0x1c ./USB_DEVICE/Target/usbd_conf.o
                0x000000000800c2fa                HAL_PCD_SOFCallback
 .text.HAL_PCD_ResetCallback
                0x000000000800c316       0x3c ./USB_DEVICE/Target/usbd_conf.o
                0x000000000800c316                HAL_PCD_ResetCallback
 *fill*         0x000000000800c352        0x2 
 .text.HAL_PCD_SuspendCallback
                0x000000000800c354       0x4c ./USB_DEVICE/Target/usbd_conf.o
                0x000000000800c354                HAL_PCD_SuspendCallback
 .text.HAL_PCD_ResumeCallback
                0x000000000800c3a0       0x1c ./USB_DEVICE/Target/usbd_conf.o
                0x000000000800c3a0                HAL_PCD_ResumeCallback
 .text.HAL_PCD_ISOOUTIncompleteCallback
                0x000000000800c3bc       0x24 ./USB_DEVICE/Target/usbd_conf.o
                0x000000000800c3bc                HAL_PCD_ISOOUTIncompleteCallback
 .text.HAL_PCD_ISOINIncompleteCallback
                0x000000000800c3e0       0x24 ./USB_DEVICE/Target/usbd_conf.o
                0x000000000800c3e0                HAL_PCD_ISOINIncompleteCallback
 .text.HAL_PCD_ConnectCallback
                0x000000000800c404       0x1c ./USB_DEVICE/Target/usbd_conf.o
                0x000000000800c404                HAL_PCD_ConnectCallback
 .text.HAL_PCD_DisconnectCallback
                0x000000000800c420       0x1c ./USB_DEVICE/Target/usbd_conf.o
                0x000000000800c420                HAL_PCD_DisconnectCallback
 .text.USBD_LL_Init
                0x000000000800c43c       0x98 ./USB_DEVICE/Target/usbd_conf.o
                0x000000000800c43c                USBD_LL_Init
 .text.USBD_LL_Start
                0x000000000800c4d4       0x36 ./USB_DEVICE/Target/usbd_conf.o
                0x000000000800c4d4                USBD_LL_Start
 .text.USBD_LL_Stop
                0x000000000800c50a       0x36 ./USB_DEVICE/Target/usbd_conf.o
                0x000000000800c50a                USBD_LL_Stop
 .text.USBD_LL_OpenEP
                0x000000000800c540       0x4c ./USB_DEVICE/Target/usbd_conf.o
                0x000000000800c540                USBD_LL_OpenEP
 .text.USBD_LL_CloseEP
                0x000000000800c58c       0x3e ./USB_DEVICE/Target/usbd_conf.o
                0x000000000800c58c                USBD_LL_CloseEP
 .text.USBD_LL_FlushEP
                0x000000000800c5ca       0x3e ./USB_DEVICE/Target/usbd_conf.o
                0x000000000800c5ca                USBD_LL_FlushEP
 .text.USBD_LL_StallEP
                0x000000000800c608       0x3e ./USB_DEVICE/Target/usbd_conf.o
                0x000000000800c608                USBD_LL_StallEP
 .text.USBD_LL_ClearStallEP
                0x000000000800c646       0x3e ./USB_DEVICE/Target/usbd_conf.o
                0x000000000800c646                USBD_LL_ClearStallEP
 .text.USBD_LL_IsStallEP
                0x000000000800c684       0x58 ./USB_DEVICE/Target/usbd_conf.o
                0x000000000800c684                USBD_LL_IsStallEP
 .text.USBD_LL_SetUSBAddress
                0x000000000800c6dc       0x3e ./USB_DEVICE/Target/usbd_conf.o
                0x000000000800c6dc                USBD_LL_SetUSBAddress
 .text.USBD_LL_Transmit
                0x000000000800c71a       0x42 ./USB_DEVICE/Target/usbd_conf.o
                0x000000000800c71a                USBD_LL_Transmit
 .text.USBD_LL_PrepareReceive
                0x000000000800c75c       0x42 ./USB_DEVICE/Target/usbd_conf.o
                0x000000000800c75c                USBD_LL_PrepareReceive
 .text.USBD_LL_GetRxDataSize
                0x000000000800c79e       0x26 ./USB_DEVICE/Target/usbd_conf.o
                0x000000000800c79e                USBD_LL_GetRxDataSize
 .text.USBD_static_malloc
                0x000000000800c7c4       0x1c ./USB_DEVICE/Target/usbd_conf.o
                0x000000000800c7c4                USBD_static_malloc
 .text.USBD_static_free
                0x000000000800c7e0       0x14 ./USB_DEVICE/Target/usbd_conf.o
                0x000000000800c7e0                USBD_static_free
 .text.USBD_Get_USB_Status
                0x000000000800c7f4       0x58 ./USB_DEVICE/Target/usbd_conf.o
                0x000000000800c7f4                USBD_Get_USB_Status
 .text.__libc_init_array
                0x000000000800c84c       0x48 c:/direct/st/stm32cubeide_1.7.0/stm32cubeide/plugins/com.st.stm32cube.ide.mcu.externaltools.gnu-tools-for-stm32.10.3-2021.10.win32_1.0.0.202111181127/tools/bin/../lib/gcc/arm-none-eabi/10.3.1/../../../../arm-none-eabi/lib/thumb/v7e-m+fp/hard\libc_nano.a(lib_a-init.o)
                0x000000000800c84c                __libc_init_array
 .text.memset   0x000000000800c894       0x10 c:/direct/st/stm32cubeide_1.7.0/stm32cubeide/plugins/com.st.stm32cube.ide.mcu.externaltools.gnu-tools-for-stm32.10.3-2021.10.win32_1.0.0.202111181127/tools/bin/../lib/gcc/arm-none-eabi/10.3.1/../../../../arm-none-eabi/lib/thumb/v7e-m+fp/hard\libc_nano.a(lib_a-memset.o)
                0x000000000800c894                memset
 *(.glue_7)
 .glue_7        0x000000000800c8a4        0x0 linker stubs
 *(.glue_7t)
 .glue_7t       0x000000000800c8a4        0x0 linker stubs
 *(.eh_frame)
 .eh_frame      0x000000000800c8a4        0x0 c:/direct/st/stm32cubeide_1.7.0/stm32cubeide/plugins/com.st.stm32cube.ide.mcu.externaltools.gnu-tools-for-stm32.10.3-2021.10.win32_1.0.0.202111181127/tools/bin/../lib/gcc/arm-none-eabi/10.3.1/thumb/v7e-m+fp/hard/crtbegin.o
 *(.init)
 .init          0x000000000800c8a4        0x4 c:/direct/st/stm32cubeide_1.7.0/stm32cubeide/plugins/com.st.stm32cube.ide.mcu.externaltools.gnu-tools-for-stm32.10.3-2021.10.win32_1.0.0.202111181127/tools/bin/../lib/gcc/arm-none-eabi/10.3.1/thumb/v7e-m+fp/hard/crti.o
                0x000000000800c8a4                _init
 .init          0x000000000800c8a8        0x8 c:/direct/st/stm32cubeide_1.7.0/stm32cubeide/plugins/com.st.stm32cube.ide.mcu.externaltools.gnu-tools-for-stm32.10.3-2021.10.win32_1.0.0.202111181127/tools/bin/../lib/gcc/arm-none-eabi/10.3.1/thumb/v7e-m+fp/hard/crtn.o
 *(.fini)
 .fini          0x000000000800c8b0        0x4 c:/direct/st/stm32cubeide_1.7.0/stm32cubeide/plugins/com.st.stm32cube.ide.mcu.externaltools.gnu-tools-for-stm32.10.3-2021.10.win32_1.0.0.202111181127/tools/bin/../lib/gcc/arm-none-eabi/10.3.1/thumb/v7e-m+fp/hard/crti.o
                0x000000000800c8b0                _fini
 .fini          0x000000000800c8b4        0x8 c:/direct/st/stm32cubeide_1.7.0/stm32cubeide/plugins/com.st.stm32cube.ide.mcu.externaltools.gnu-tools-for-stm32.10.3-2021.10.win32_1.0.0.202111181127/tools/bin/../lib/gcc/arm-none-eabi/10.3.1/thumb/v7e-m+fp/hard/crtn.o
                0x000000000800c8bc                . = ALIGN (0x4)
                0x000000000800c8bc                _etext = .

.vfp11_veneer   0x000000000800c8bc        0x0
 .vfp11_veneer  0x000000000800c8bc        0x0 linker stubs

.v4_bx          0x000000000800c8bc        0x0
 .v4_bx         0x000000000800c8bc        0x0 linker stubs

.iplt           0x000000000800c8bc        0x0
 .iplt          0x000000000800c8bc        0x0 c:/direct/st/stm32cubeide_1.7.0/stm32cubeide/plugins/com.st.stm32cube.ide.mcu.externaltools.gnu-tools-for-stm32.10.3-2021.10.win32_1.0.0.202111181127/tools/bin/../lib/gcc/arm-none-eabi/10.3.1/thumb/v7e-m+fp/hard/crtbegin.o

.rodata         0x000000000800c8bc       0x78
                0x000000000800c8bc                . = ALIGN (0x4)
 *(.rodata)
 .rodata        0x000000000800c8bc       0x3a ./USB_DEVICE/App/usbd_desc.o
 *(.rodata*)
 *fill*         0x000000000800c8f6        0x2 
 .rodata.AHBPrescTable
                0x000000000800c8f8       0x10 ./Core/Src/system_stm32f4xx.o
                0x000000000800c8f8                AHBPrescTable
 .rodata.flagBitshiftOffset.0
                0x000000000800c908        0x8 ./Drivers/STM32F4xx_HAL_Driver/Src/stm32f4xx_hal_dma.o
 .rodata.STORAGE_Inquirydata_FS
                0x000000000800c910       0x24 ./USB_DEVICE/App/usbd_storage_if.o
                0x000000000800c910                STORAGE_Inquirydata_FS
                0x000000000800c934                . = ALIGN (0x4)

.ARM.extab      0x000000000800c934        0x0
                0x000000000800c934                . = ALIGN (0x4)
 *(.ARM.extab* .gnu.linkonce.armextab.*)
                0x000000000800c934                . = ALIGN (0x4)

.ARM            0x000000000800c934        0x8
                0x000000000800c934                . = ALIGN (0x4)
                0x000000000800c934                __exidx_start = .
 *(.ARM.exidx*)
 .ARM.exidx     0x000000000800c934        0x8 c:/direct/st/stm32cubeide_1.7.0/stm32cubeide/plugins/com.st.stm32cube.ide.mcu.externaltools.gnu-tools-for-stm32.10.3-2021.10.win32_1.0.0.202111181127/tools/bin/../lib/gcc/arm-none-eabi/10.3.1/thumb/v7e-m+fp/hard\libgcc.a(_udivmoddi4.o)
                0x000000000800c93c                __exidx_end = .
                0x000000000800c93c                . = ALIGN (0x4)

.rel.dyn        0x000000000800c93c        0x0
 .rel.iplt      0x000000000800c93c        0x0 c:/direct/st/stm32cubeide_1.7.0/stm32cubeide/plugins/com.st.stm32cube.ide.mcu.externaltools.gnu-tools-for-stm32.10.3-2021.10.win32_1.0.0.202111181127/tools/bin/../lib/gcc/arm-none-eabi/10.3.1/thumb/v7e-m+fp/hard/crtbegin.o

.preinit_array  0x000000000800c93c        0x0
                0x000000000800c93c                . = ALIGN (0x4)
                0x000000000800c93c                PROVIDE (__preinit_array_start = .)
 *(.preinit_array*)
                0x000000000800c93c                PROVIDE (__preinit_array_end = .)
                0x000000000800c93c                . = ALIGN (0x4)

.init_array     0x000000000800c93c        0x4
                0x000000000800c93c                . = ALIGN (0x4)
                0x000000000800c93c                PROVIDE (__init_array_start = .)
 *(SORT_BY_NAME(.init_array.*))
 *(.init_array*)
 .init_array    0x000000000800c93c        0x4 c:/direct/st/stm32cubeide_1.7.0/stm32cubeide/plugins/com.st.stm32cube.ide.mcu.externaltools.gnu-tools-for-stm32.10.3-2021.10.win32_1.0.0.202111181127/tools/bin/../lib/gcc/arm-none-eabi/10.3.1/thumb/v7e-m+fp/hard/crtbegin.o
                0x000000000800c940                PROVIDE (__init_array_end = .)
                0x000000000800c940                . = ALIGN (0x4)

.fini_array     0x000000000800c940        0x4
                0x000000000800c940                . = ALIGN (0x4)
                [!provide]                        PROVIDE (__fini_array_start = .)
 *(SORT_BY_NAME(.fini_array.*))
 *(.fini_array*)
 .fini_array    0x000000000800c940        0x4 c:/direct/st/stm32cubeide_1.7.0/stm32cubeide/plugins/com.st.stm32cube.ide.mcu.externaltools.gnu-tools-for-stm32.10.3-2021.10.win32_1.0.0.202111181127/tools/bin/../lib/gcc/arm-none-eabi/10.3.1/thumb/v7e-m+fp/hard/crtbegin.o
                [!provide]                        PROVIDE (__fini_array_end = .)
                0x000000000800c944                . = ALIGN (0x4)
                0x000000000800c944                _sidata = LOADADDR (.data)

.data           0x0000000020000000      0x128 load address 0x000000000800c944
                0x0000000020000000                . = ALIGN (0x4)
                0x0000000020000000                _sdata = .
 *(.data)
 *(.data*)
 .data.usb_enabled
                0x0000000020000000        0x1 ./Core/Src/App/usb.o
 *fill*         0x0000000020000001        0x3 
 .data.SystemCoreClock
                0x0000000020000004        0x4 ./Core/Src/system_stm32f4xx.o
                0x0000000020000004                SystemCoreClock
 .data.uwTickPrio
                0x0000000020000008        0x4 ./Drivers/STM32F4xx_HAL_Driver/Src/stm32f4xx_hal.o
                0x0000000020000008                uwTickPrio
 .data.uwTickFreq
                0x000000002000000c        0x1 ./Drivers/STM32F4xx_HAL_Driver/Src/stm32f4xx_hal.o
                0x000000002000000c                uwTickFreq
 *fill*         0x000000002000000d        0x3 
 .data.USBD_MSC
                0x0000000020000010       0x38 ./Middlewares/ST/STM32_USB_Device_Library/Class/MSC/Src/usbd_msc.o
                0x0000000020000010                USBD_MSC
 .data.USBD_MSC_CfgDesc
                0x0000000020000048       0x20 ./Middlewares/ST/STM32_USB_Device_Library/Class/MSC/Src/usbd_msc.o
 .data.USBD_MSC_DeviceQualifierDesc
                0x0000000020000068        0xa ./Middlewares/ST/STM32_USB_Device_Library/Class/MSC/Src/usbd_msc.o
 .data.MSCInEpAdd
                0x0000000020000072        0x1 ./Middlewares/ST/STM32_USB_Device_Library/Class/MSC/Src/usbd_msc.o
                0x0000000020000072                MSCInEpAdd
 .data.MSCOutEpAdd
                0x0000000020000073        0x1 ./Middlewares/ST/STM32_USB_Device_Library/Class/MSC/Src/usbd_msc.o
                0x0000000020000073                MSCOutEpAdd
 .data.MSC_Page00_Inquiry_Data
                0x0000000020000074        0x6 ./Middlewares/ST/STM32_USB_Device_Library/Class/MSC/Src/usbd_msc_data.o
                0x0000000020000074                MSC_Page00_Inquiry_Data
 *fill*         0x000000002000007a        0x2 
 .data.MSC_Page80_Inquiry_Data
                0x000000002000007c        0x8 ./Middlewares/ST/STM32_USB_Device_Library/Class/MSC/Src/usbd_msc_data.o
                0x000000002000007c                MSC_Page80_Inquiry_Data
 .data.MSC_Mode_Sense6_data
                0x0000000020000084       0x17 ./Middlewares/ST/STM32_USB_Device_Library/Class/MSC/Src/usbd_msc_data.o
                0x0000000020000084                MSC_Mode_Sense6_data
 *fill*         0x000000002000009b        0x1 
 .data.MSC_Mode_Sense10_data
                0x000000002000009c       0x1b ./Middlewares/ST/STM32_USB_Device_Library/Class/MSC/Src/usbd_msc_data.o
                0x000000002000009c                MSC_Mode_Sense10_data
 *fill*         0x00000000200000b7        0x1 
 .data.FS_Desc  0x00000000200000b8       0x1c ./USB_DEVICE/App/usbd_desc.o
                0x00000000200000b8                FS_Desc
 .data.USBD_FS_DeviceDesc
                0x00000000200000d4       0x12 ./USB_DEVICE/App/usbd_desc.o
                0x00000000200000d4                USBD_FS_DeviceDesc
 *fill*         0x00000000200000e6        0x2 
 .data.USBD_LangIDDesc
                0x00000000200000e8        0x4 ./USB_DEVICE/App/usbd_desc.o
                0x00000000200000e8                USBD_LangIDDesc
 .data.USBD_StringSerial
                0x00000000200000ec       0x1a ./USB_DEVICE/App/usbd_desc.o
                0x00000000200000ec                USBD_StringSerial
 *fill*         0x0000000020000106        0x2 
 .data.USBD_Storage_Interface_fops_FS
                0x0000000020000108       0x20 ./USB_DEVICE/App/usbd_storage_if.o
                0x0000000020000108                USBD_Storage_Interface_fops_FS
 *(.RamFunc)
 *(.RamFunc*)
                0x0000000020000128                . = ALIGN (0x4)
                0x0000000020000128                _edata = .

.igot.plt       0x0000000020000128        0x0 load address 0x000000000800ca6c
 .igot.plt      0x0000000020000128        0x0 c:/direct/st/stm32cubeide_1.7.0/stm32cubeide/plugins/com.st.stm32cube.ide.mcu.externaltools.gnu-tools-for-stm32.10.3-2021.10.win32_1.0.0.202111181127/tools/bin/../lib/gcc/arm-none-eabi/10.3.1/thumb/v7e-m+fp/hard/crtbegin.o
                0x0000000020000128                . = ALIGN (0x4)

.bss            0x0000000020000128     0x2bc8 load address 0x000000000800ca6c
                0x0000000020000128                _sbss = .
                0x0000000020000128                __bss_start__ = _sbss
 *(.bss)
 .bss           0x0000000020000128       0x1c c:/direct/st/stm32cubeide_1.7.0/stm32cubeide/plugins/com.st.stm32cube.ide.mcu.externaltools.gnu-tools-for-stm32.10.3-2021.10.win32_1.0.0.202111181127/tools/bin/../lib/gcc/arm-none-eabi/10.3.1/thumb/v7e-m+fp/hard/crtbegin.o
 *(.bss*)
 .bss.animation_busy
                0x0000000020000144        0x1 ./Core/Src/App/animation.o
 .bss.animation_mode
                0x0000000020000145        0x1 ./Core/Src/App/animation.o
 *fill*         0x0000000020000146        0x2 
 .bss.animation_color
                0x0000000020000148        0x4 ./Core/Src/App/animation.o
 .bss.animation_image
                0x000000002000014c        0x2 ./Core/Src/App/animation.o
 *fill*         0x000000002000014e        0x2 
 .bss.animation_i
                0x0000000020000150        0x4 ./Core/Src/App/animation.o
 .bss.animation_data_config
                0x0000000020000154       0x10 ./Core/Src/App/animation_data.o
                0x0000000020000154                animation_data_config
 .bss.animation_data
                0x0000000020000164     0x1000 ./Core/Src/App/animation_data.o
 .bss.animation_data_buffered
                0x0000000020001164        0x4 ./Core/Src/App/animation_data.o
 .bss.animation_data_buffering_rq
                0x0000000020001168        0x1 ./Core/Src/App/animation_data.o
 *fill*         0x0000000020001169        0x1 
 .bss.animation_data_buffering_image
                0x000000002000116a        0x2 ./Core/Src/App/animation_data.o
 .bss.example_run
                0x000000002000116c        0x4 ./Core/Src/App/app.o
                0x000000002000116c                example_run
 .bss.example_current_animation
                0x0000000020001170        0x4 ./Core/Src/App/app.o
                0x0000000020001170                example_current_animation
 .bss.example_current_animation_played_times
                0x0000000020001174        0x4 ./Core/Src/App/app.o
                0x0000000020001174                example_current_animation_played_times
 .bss.example_current_animation_image
                0x0000000020001178        0x4 ./Core/Src/App/app.o
                0x0000000020001178                example_current_animation_image
 .bss.button_state
                0x000000002000117c        0x1 ./Core/Src/App/button.o
 .bss.led_state
                0x000000002000117d        0x1 ./Core/Src/App/led.o
 .bss.usb_det_state
                0x000000002000117e        0x1 ./Core/Src/App/usb.o
 .bss.w25q_dma_busy
                0x000000002000117f        0x1 ./Core/Src/App/w25q.o
                0x000000002000117f                w25q_dma_busy
 .bss.hcrc      0x0000000020001180        0x8 ./Core/Src/main.o
                0x0000000020001180                hcrc
 .bss.hspi1     0x0000000020001188       0x58 ./Core/Src/main.o
                0x0000000020001188                hspi1
 .bss.hdma_spi1_rx
                0x00000000200011e0       0x60 ./Core/Src/main.o
                0x00000000200011e0                hdma_spi1_rx
 .bss.htim1     0x0000000020001240       0x48 ./Core/Src/main.o
                0x0000000020001240                htim1
 .bss.uwTick    0x0000000020001288        0x4 ./Drivers/STM32F4xx_HAL_Driver/Src/stm32f4xx_hal.o
                0x0000000020001288                uwTick
 .bss.cfgidx.0  0x000000002000128c        0x1 ./Middlewares/ST/STM32_USB_Device_Library/Core/Src/usbd_ctlreq.o
 *fill*         0x000000002000128d        0x3 
 .bss.hUsbDeviceFS
                0x0000000020001290      0x2dc ./USB_DEVICE/App/usb_device.o
                0x0000000020001290                hUsbDeviceFS
 .bss.USBD_StrDesc
                0x000000002000156c      0x200 ./USB_DEVICE/App/usbd_desc.o
                0x000000002000156c                USBD_StrDesc
 .bss.hpcd_USB_OTG_FS
                0x000000002000176c      0x50c ./USB_DEVICE/Target/usbd_conf.o
                0x000000002000176c                hpcd_USB_OTG_FS
 .bss.mem.0     0x0000000020001c78     0x1078 ./USB_DEVICE/Target/usbd_conf.o
 *(COMMON)
                0x0000000020002cf0                . = ALIGN (0x4)
                0x0000000020002cf0                _ebss = .
                0x0000000020002cf0                __bss_end__ = _ebss

._user_heap_stack
                0x0000000020002cf0      0x600 load address 0x000000000800ca6c
                0x0000000020002cf0                . = ALIGN (0x8)
                [!provide]                        PROVIDE (end = .)
                0x0000000020002cf0                PROVIDE (_end = .)
                0x0000000020002ef0                . = (. + _Min_Heap_Size)
 *fill*         0x0000000020002cf0      0x200 
                0x00000000200032f0                . = (. + _Min_Stack_Size)
 *fill*         0x0000000020002ef0      0x400 
                0x00000000200032f0                . = ALIGN (0x8)

/DISCARD/
 libc.a(*)
 libm.a(*)
 libgcc.a(*)

.ARM.attributes
                0x0000000000000000       0x30
 *(.ARM.attributes)
 .ARM.attributes
                0x0000000000000000       0x1e c:/direct/st/stm32cubeide_1.7.0/stm32cubeide/plugins/com.st.stm32cube.ide.mcu.externaltools.gnu-tools-for-stm32.10.3-2021.10.win32_1.0.0.202111181127/tools/bin/../lib/gcc/arm-none-eabi/10.3.1/thumb/v7e-m+fp/hard/crti.o
 .ARM.attributes
                0x000000000000001e       0x34 c:/direct/st/stm32cubeide_1.7.0/stm32cubeide/plugins/com.st.stm32cube.ide.mcu.externaltools.gnu-tools-for-stm32.10.3-2021.10.win32_1.0.0.202111181127/tools/bin/../lib/gcc/arm-none-eabi/10.3.1/thumb/v7e-m+fp/hard/crtbegin.o
 .ARM.attributes
                0x0000000000000052       0x34 ./Core/Src/App/animation.o
 .ARM.attributes
                0x0000000000000086       0x34 ./Core/Src/App/animation_data.o
 .ARM.attributes
                0x00000000000000ba       0x34 ./Core/Src/App/app.o
 .ARM.attributes
                0x00000000000000ee       0x34 ./Core/Src/App/button.o
 .ARM.attributes
                0x0000000000000122       0x34 ./Core/Src/App/interrupts.o
 .ARM.attributes
                0x0000000000000156       0x34 ./Core/Src/App/led.o
 .ARM.attributes
                0x000000000000018a       0x34 ./Core/Src/App/usb.o
 .ARM.attributes
                0x00000000000001be       0x34 ./Core/Src/App/w25q.o
 .ARM.attributes
                0x00000000000001f2       0x34 ./Core/Src/main.o
 .ARM.attributes
                0x0000000000000226       0x34 ./Core/Src/stm32f4xx_hal_msp.o
 .ARM.attributes
                0x000000000000025a       0x34 ./Core/Src/stm32f4xx_it.o
 .ARM.attributes
                0x000000000000028e       0x34 ./Core/Src/system_stm32f4xx.o
 .ARM.attributes
                0x00000000000002c2       0x21 ./Core/Startup/startup_stm32f401ccux.o
 .ARM.attributes
                0x00000000000002e3       0x34 ./Drivers/STM32F4xx_HAL_Driver/Src/stm32f4xx_hal.o
 .ARM.attributes
                0x0000000000000317       0x34 ./Drivers/STM32F4xx_HAL_Driver/Src/stm32f4xx_hal_cortex.o
 .ARM.attributes
                0x000000000000034b       0x34 ./Drivers/STM32F4xx_HAL_Driver/Src/stm32f4xx_hal_crc.o
 .ARM.attributes
                0x000000000000037f       0x34 ./Drivers/STM32F4xx_HAL_Driver/Src/stm32f4xx_hal_dma.o
 .ARM.attributes
                0x00000000000003b3       0x34 ./Drivers/STM32F4xx_HAL_Driver/Src/stm32f4xx_hal_gpio.o
 .ARM.attributes
                0x00000000000003e7       0x34 ./Drivers/STM32F4xx_HAL_Driver/Src/stm32f4xx_hal_pcd.o
 .ARM.attributes
                0x000000000000041b       0x34 ./Drivers/STM32F4xx_HAL_Driver/Src/stm32f4xx_hal_pcd_ex.o
 .ARM.attributes
                0x000000000000044f       0x34 ./Drivers/STM32F4xx_HAL_Driver/Src/stm32f4xx_hal_rcc.o
 .ARM.attributes
                0x0000000000000483       0x34 ./Drivers/STM32F4xx_HAL_Driver/Src/stm32f4xx_hal_spi.o
 .ARM.attributes
                0x00000000000004b7       0x34 ./Drivers/STM32F4xx_HAL_Driver/Src/stm32f4xx_hal_tim.o
 .ARM.attributes
                0x00000000000004eb       0x34 ./Drivers/STM32F4xx_HAL_Driver/Src/stm32f4xx_hal_tim_ex.o
 .ARM.attributes
                0x000000000000051f       0x34 ./Drivers/STM32F4xx_HAL_Driver/Src/stm32f4xx_ll_usb.o
 .ARM.attributes
                0x0000000000000553       0x34 ./Middlewares/ST/STM32_USB_Device_Library/Class/MSC/Src/usbd_msc.o
 .ARM.attributes
                0x0000000000000587       0x34 ./Middlewares/ST/STM32_USB_Device_Library/Class/MSC/Src/usbd_msc_bot.o
 .ARM.attributes
                0x00000000000005bb       0x34 ./Middlewares/ST/STM32_USB_Device_Library/Class/MSC/Src/usbd_msc_data.o
 .ARM.attributes
                0x00000000000005ef       0x34 ./Middlewares/ST/STM32_USB_Device_Library/Class/MSC/Src/usbd_msc_scsi.o
 .ARM.attributes
                0x0000000000000623       0x34 ./Middlewares/ST/STM32_USB_Device_Library/Core/Src/usbd_core.o
 .ARM.attributes
                0x0000000000000657       0x34 ./Middlewares/ST/STM32_USB_Device_Library/Core/Src/usbd_ctlreq.o
 .ARM.attributes
                0x000000000000068b       0x34 ./Middlewares/ST/STM32_USB_Device_Library/Core/Src/usbd_ioreq.o
 .ARM.attributes
                0x00000000000006bf       0x34 ./USB_DEVICE/App/usb_device.o
 .ARM.attributes
                0x00000000000006f3       0x34 ./USB_DEVICE/App/usbd_desc.o
 .ARM.attributes
                0x0000000000000727       0x34 ./USB_DEVICE/App/usbd_storage_if.o
 .ARM.attributes
                0x000000000000075b       0x34 ./USB_DEVICE/Target/usbd_conf.o
 .ARM.attributes
                0x000000000000078f       0x34 c:/direct/st/stm32cubeide_1.7.0/stm32cubeide/plugins/com.st.stm32cube.ide.mcu.externaltools.gnu-tools-for-stm32.10.3-2021.10.win32_1.0.0.202111181127/tools/bin/../lib/gcc/arm-none-eabi/10.3.1/../../../../arm-none-eabi/lib/thumb/v7e-m+fp/hard\libc_nano.a(lib_a-init.o)
 .ARM.attributes
                0x00000000000007c3       0x34 c:/direct/st/stm32cubeide_1.7.0/stm32cubeide/plugins/com.st.stm32cube.ide.mcu.externaltools.gnu-tools-for-stm32.10.3-2021.10.win32_1.0.0.202111181127/tools/bin/../lib/gcc/arm-none-eabi/10.3.1/../../../../arm-none-eabi/lib/thumb/v7e-m+fp/hard\libc_nano.a(lib_a-memset.o)
 .ARM.attributes
                0x00000000000007f7       0x1e c:/direct/st/stm32cubeide_1.7.0/stm32cubeide/plugins/com.st.stm32cube.ide.mcu.externaltools.gnu-tools-for-stm32.10.3-2021.10.win32_1.0.0.202111181127/tools/bin/../lib/gcc/arm-none-eabi/10.3.1/thumb/v7e-m+fp/hard\libgcc.a(_aeabi_uldivmod.o)
 .ARM.attributes
                0x0000000000000815       0x34 c:/direct/st/stm32cubeide_1.7.0/stm32cubeide/plugins/com.st.stm32cube.ide.mcu.externaltools.gnu-tools-for-stm32.10.3-2021.10.win32_1.0.0.202111181127/tools/bin/../lib/gcc/arm-none-eabi/10.3.1/thumb/v7e-m+fp/hard\libgcc.a(_udivmoddi4.o)
 .ARM.attributes
                0x0000000000000849       0x1e c:/direct/st/stm32cubeide_1.7.0/stm32cubeide/plugins/com.st.stm32cube.ide.mcu.externaltools.gnu-tools-for-stm32.10.3-2021.10.win32_1.0.0.202111181127/tools/bin/../lib/gcc/arm-none-eabi/10.3.1/thumb/v7e-m+fp/hard\libgcc.a(_dvmd_tls.o)
 .ARM.attributes
                0x0000000000000867       0x1e c:/direct/st/stm32cubeide_1.7.0/stm32cubeide/plugins/com.st.stm32cube.ide.mcu.externaltools.gnu-tools-for-stm32.10.3-2021.10.win32_1.0.0.202111181127/tools/bin/../lib/gcc/arm-none-eabi/10.3.1/thumb/v7e-m+fp/hard/crtn.o
OUTPUT(LED_Light_USB_MSC.elf elf32-littlearm)
LOAD linker stubs